Archive member included to satisfy reference by file (symbol)

../Middlewares/ST/AI/Lib\NetworkRuntime1020_CM4_GCC.a(ai_platform.o)
                              ./X-CUBE-AI/App/network.o (ai_buffer_array_item_set_address)
../Middlewares/ST/AI/Lib\NetworkRuntime1020_CM4_GCC.a(ai_platform_interface.o)
                              ./X-CUBE-AI/App/network.o (ai_platform_get_weights_map)
../Middlewares/ST/AI/Lib\NetworkRuntime1020_CM4_GCC.a(core_common.o)
                              ../Middlewares/ST/AI/Lib\NetworkRuntime1020_CM4_GCC.a(ai_platform_interface.o) (core_init)
../Middlewares/ST/AI/Lib\NetworkRuntime1020_CM4_GCC.a(core_mem_manager.o)
                              ../Middlewares/ST/AI/Lib\NetworkRuntime1020_CM4_GCC.a(ai_platform_interface.o) (core_mem_alloc)
../Middlewares/ST/AI/Lib\NetworkRuntime1020_CM4_GCC.a(layers.o)
                              ../Middlewares/ST/AI/Lib\NetworkRuntime1020_CM4_GCC.a(ai_platform_interface.o) (ai_check_custom_types)
../Middlewares/ST/AI/Lib\NetworkRuntime1020_CM4_GCC.a(layers_conv2d_generic_float.o)
                              ./X-CUBE-AI/App/network.o (forward_conv2d_if32of32wf32_nl_pool)
../Middlewares/ST/AI/Lib\NetworkRuntime1020_CM4_GCC.a(layers_nl_generic_float.o)
                              ./X-CUBE-AI/App/network.o (forward_sm)
../Middlewares/ST/AI/Lib\NetworkRuntime1020_CM4_GCC.a(layers_conv2d_integer_scratch.o)
                              ../Middlewares/ST/AI/Lib\NetworkRuntime1020_CM4_GCC.a(layers.o) (get_dense_scratch_size_s8)
../Middlewares/ST/AI/Lib\NetworkRuntime1020_CM4_GCC.a(forward_lite_conv2d_if32of32wf32.o)
                              ../Middlewares/ST/AI/Lib\NetworkRuntime1020_CM4_GCC.a(layers_conv2d_generic_float.o) (forward_lite_conv2d_if32of32wf32)
../Middlewares/ST/AI/Lib\NetworkRuntime1020_CM4_GCC.a(lite_nl_softmax_if32of32.o)
                              ../Middlewares/ST/AI/Lib\NetworkRuntime1020_CM4_GCC.a(layers_nl_generic_float.o) (forward_lite_nl_softmax_if32of32_kernel)
../Middlewares/ST/AI/Lib\NetworkRuntime1020_CM4_GCC.a(lite_nl_relu_if32of32.o)
                              ../Middlewares/ST/AI/Lib\NetworkRuntime1020_CM4_GCC.a(layers_nl_generic_float.o) (forward_lite_nl_prelu_if32of32_kernel)
../Middlewares/ST/AI/Lib\NetworkRuntime1020_CM4_GCC.a(forward_lite_pool_f32.o)
                              ./X-CUBE-AI/App/network.o (pool_func_mp_array_f32)
../Middlewares/ST/AI/Lib\NetworkRuntime1020_CM4_GCC.a(lite_dense_if32.o)
                              ../Middlewares/ST/AI/Lib\NetworkRuntime1020_CM4_GCC.a(layers_conv2d_generic_float.o) (lite_decompress_ilutof32)
../Middlewares/ST/AI/Lib\NetworkRuntime1020_CM4_GCC.a(lite_nl_generic_float.o)
                              ../Middlewares/ST/AI/Lib\NetworkRuntime1020_CM4_GCC.a(layers_nl_generic_float.o) (forward_lite_nl_softmax_if32of32)
../Middlewares/ST/AI/Lib\NetworkRuntime1020_CM4_GCC.a(st_int8_fill.o)
                              ../Middlewares/ST/AI/Lib\NetworkRuntime1020_CM4_GCC.a(ai_platform_interface.o) (st_int8_copy)
../Middlewares/ST/AI/Lib\NetworkRuntime1020_CM4_GCC.a(ai_math_helpers.o)
                              ../Middlewares/ST/AI/Lib\NetworkRuntime1020_CM4_GCC.a(layers_nl_generic_float.o) (ai_math_sqrt)
../Middlewares/ST/AI/Lib\NetworkRuntime1020_CM4_GCC.a(ai_datatypes_format.o)
                              ../Middlewares/ST/AI/Lib\NetworkRuntime1020_CM4_GCC.a(ai_platform_interface.o) (ai_array_to_buffer_fmt)
../Middlewares/ST/AI/Lib\NetworkRuntime1020_CM4_GCC.a(ai_datatypes_internal.o)
                              ../Middlewares/ST/AI/Lib\NetworkRuntime1020_CM4_GCC.a(ai_platform_interface.o) (ai_version_get)
../Middlewares/ST/AI/Lib\NetworkRuntime1020_CM4_GCC.a(ai_math_elementwise_mul_int8.o)
                              ../Middlewares/ST/AI/Lib\NetworkRuntime1020_CM4_GCC.a(ai_math_helpers.o) (ai_math_elementwise_mul_int8)
../Middlewares/ST/AI/Lib\NetworkRuntime1020_CM4_GCC.a(ai_math_elementwise_sum_int8.o)
                              ../Middlewares/ST/AI/Lib\NetworkRuntime1020_CM4_GCC.a(ai_math_helpers.o) (ai_math_elementwise_sum_int8)
../Middlewares/ST/AI/Lib\NetworkRuntime1020_CM4_GCC.a(st_align_factor.o)
                              ../Middlewares/ST/AI/Lib\NetworkRuntime1020_CM4_GCC.a(ai_math_helpers.o) (align_factor)
C:/ST/STM32CubeIDE_1.18.1/STM32CubeIDE/plugins/com.st.stm32cube.ide.mcu.externaltools.gnu-tools-for-stm32.13.3.rel1.win32_1.0.0.202411081344/tools/bin/../lib/gcc/arm-none-eabi/13.3.1/../../../../arm-none-eabi/lib/thumb/v7e-m+fp/hard\libm.a(libm_a-wf_acos.o)
                              ../Middlewares/ST/AI/Lib\NetworkRuntime1020_CM4_GCC.a(layers_nl_generic_float.o) (acosf)
C:/ST/STM32CubeIDE_1.18.1/STM32CubeIDE/plugins/com.st.stm32cube.ide.mcu.externaltools.gnu-tools-for-stm32.13.3.rel1.win32_1.0.0.202411081344/tools/bin/../lib/gcc/arm-none-eabi/13.3.1/../../../../arm-none-eabi/lib/thumb/v7e-m+fp/hard\libm.a(libm_a-wf_acosh.o)
[...]
Memory Configuration

Name             Origin             Length             Attributes
CCMRAM           0x10000000         0x00010000         xrw
RAM              0x20000000         0x0001c000         xrw
FLASH            0x08000000         0x00100000         xr
*default*        0x00000000         0xffffffff

Linker script and memory map

LOAD C:/ST/STM32CubeIDE_1.18.1/STM32CubeIDE/plugins/com.st.stm32cube.ide.mcu.externaltools.gnu-tools-for-stm32.13.3.rel1.win32_1.0.0.202411081344/tools/bin/../lib/gcc/arm-none-eabi/13.3.1/thumb/v7e-m+fp/hard/crti.o
LOAD C:/ST/STM32CubeIDE_1.18.1/STM32CubeIDE/plugins/com.st.stm32cube.ide.mcu.externaltools.gnu-tools-for-stm32.13.3.rel1.win32_1.0.0.202411081344/tools/bin/../lib/gcc/arm-none-eabi/13.3.1/thumb/v7e-m+fp/hard/crtbegin.o
LOAD C:/ST/STM32CubeIDE_1.18.1/STM32CubeIDE/plugins/com.st.stm32cube.ide.mcu.externaltools.gnu-tools-for-stm32.13.3.rel1.win32_1.0.0.202411081344/tools/bin/../lib/gcc/arm-none-eabi/13.3.1/../../../../arm-none-eabi/lib/thumb/v7e-m+fp/hard/crt0.o
LOAD ./Core/Src/main.o
LOAD ./Core/Src/stm32f4xx_hal_msp.o
LOAD ./Core/Src/stm32f4xx_it.o
LOAD ./Core/Src/syscalls.o
LOAD ./Core/Src/sysmem.o
LOAD ./Core/Src/system_stm32f4xx.o
LOAD ./Core/Src/usb_cdc_handler.o
LOAD ./Core/Startup/startup_stm32f407vgtx.o
LOAD ./Drivers/STM32F4xx_HAL_Driver/Src/stm32f4xx_hal.o
LOAD ./Drivers/STM32F4xx_HAL_Driver/Src/stm32f4xx_hal_cortex.o
LOAD ./Drivers/STM32F4xx_HAL_Driver/Src/stm32f4xx_hal_dma.o
LOAD ./Drivers/STM32F4xx_HAL_Driver/Src/stm32f4xx_hal_dma_ex.o
LOAD ./Drivers/STM32F4xx_HAL_Driver/Src/stm32f4xx_hal_exti.o
LOAD ./Drivers/STM32F4xx_HAL_Driver/Src/stm32f4xx_hal_flash.o
LOAD ./Drivers/STM32F4xx_HAL_Driver/Src/stm32f4xx_hal_flash_ex.o
LOAD ./Drivers/STM32F4xx_HAL_Driver/Src/stm32f4xx_hal_flash_ramfunc.o
LOAD ./Drivers/STM32F4xx_HAL_Driver/Src/stm32f4xx_hal_gpio.o
LOAD ./Drivers/STM32F4xx_HAL_Driver/Src/stm32f4xx_hal_i2c.o
LOAD ./Drivers/STM32F4xx_HAL_Driver/Src/stm32f4xx_hal_i2c_ex.o
LOAD ./Drivers/STM32F4xx_HAL_Driver/Src/stm32f4xx_hal_i2s.o
LOAD ./Drivers/STM32F4xx_HAL_Driver/Src/stm32f4xx_hal_i2s_ex.o
LOAD ./Drivers/STM32F4xx_HAL_Driver/Src/stm32f4xx_hal_pcd.o
LOAD ./Drivers/STM32F4xx_HAL_Driver/Src/stm32f4xx_hal_pcd_ex.o
LOAD ./Drivers/STM32F4xx_HAL_Driver/Src/stm32f4xx_hal_pwr.o
LOAD ./Drivers/STM32F4xx_HAL_Driver/Src/stm32f4xx_hal_pwr_ex.o
LOAD ./Drivers/STM32F4xx_HAL_Driver/Src/stm32f4xx_hal_rcc.o
LOAD ./Drivers/STM32F4xx_HAL_Driver/Src/stm32f4xx_hal_rcc_ex.o
LOAD ./Drivers/STM32F4xx_HAL_Driver/Src/stm32f4xx_hal_spi.o
LOAD ./Drivers/STM32F4xx_HAL_Driver/Src/stm32f4xx_ll_usb.o
LOAD ./Middlewares/ST/STM32_USB_Device_Library/Class/CDC/Src/usbd_cdc.o
LOAD ./Middlewares/ST/STM32_USB_Device_Library/Core/Src/usbd_core.o
LOAD ./Middlewares/ST/STM32_USB_Device_Library/Core/Src/usbd_ctlreq.o
LOAD ./Middlewares/ST/STM32_USB_Device_Library/Core/Src/usbd_ioreq.o
LOAD ./USB_DEVICE/App/usb_device.o
LOAD ./USB_DEVICE/App/usbd_cdc_if.o
LOAD ./USB_DEVICE/App/usbd_desc.o
LOAD ./USB_DEVICE/Target/usbd_conf.o
LOAD ./X-CUBE-AI/App/app_x-cube-ai.o
LOAD ./X-CUBE-AI/App/network.o
LOAD ./X-CUBE-AI/App/network_data.o
LOAD ./X-CUBE-AI/App/network_data_params.o
LOAD ../Middlewares/ST/AI/Lib\NetworkRuntime1020_CM4_GCC.a
START GROUP
LOAD C:/ST/STM32CubeIDE_1.18.1/STM32CubeIDE/plugins/com.st.stm32cube.ide.mcu.externaltools.gnu-tools-for-stm32.13.3.rel1.win32_1.0.0.202411081344/tools/bin/../lib/gcc/arm-none-eabi/13.3.1/../../../../arm-none-eabi/lib/thumb/v7e-m+fp/hard\libstdc++_nano.a
LOAD C:/ST/STM32CubeIDE_1.18.1/STM32CubeIDE/plugins/com.st.stm32cube.ide.mcu.externaltools.gnu-tools-for-stm32.13.3.rel1.win32_1.0.0.202411081344/tools/bin/../lib/gcc/arm-none-eabi/13.3.1/../../../../arm-none-eabi/lib/thumb/v7e-m+fp/hard\libsupc++_nano.a
END GROUP
LOAD C:/ST/STM32CubeIDE_1.18.1/STM32CubeIDE/plugins/com.st.stm32cube.ide.mcu.externaltools.gnu-tools-for-stm32.13.3.rel1.win32_1.0.0.202411081344/tools/bin/../lib/gcc/arm-none-eabi/13.3.1/../../../../arm-none-eabi/lib/thumb/v7e-m+fp/hard\libstdc++_nano.a
LOAD C:/ST/STM32CubeIDE_1.18.1/STM32CubeIDE/plugins/com.st.stm32cube.ide.mcu.externaltools.gnu-tools-for-stm32.13.3.rel1.win32_1.0.0.202411081344/tools/bin/../lib/gcc/arm-none-eabi/13.3.1/../../../../arm-none-eabi/lib/thumb/v7e-m+fp/hard\libm.a
LOAD C:/ST/STM32CubeIDE_1.18.1/STM32CubeIDE/plugins/com.st.stm32cube.ide.mcu.externaltools.gnu-tools-for-stm32.13.3.rel1.win32_1.0.0.202411081344/tools/bin/../lib/gcc/arm-none-eabi/13.3.1/../../../../arm-none-eabi/lib/thumb/v7e-m+fp/hard\libc_nano.a
START GROUP
LOAD C:/ST/STM32CubeIDE_1.18.1/STM32CubeIDE/plugins/com.st.stm32cube.ide.mcu.externaltools.gnu-tools-for-stm32.13.3.rel1.win32_1.0.0.202411081344/tools/bin/../lib/gcc/arm-none-eabi/13.3.1/thumb/v7e-m+fp/hard\libgcc.a
LOAD C:/ST/STM32CubeIDE_1.18.1/STM32CubeIDE/plugins/com.st.stm32cube.ide.mcu.externaltools.gnu-tools-for-stm32.13.3.rel1.win32_1.0.0.202411081344/tools/bin/../lib/gcc/arm-none-eabi/13.3.1/../../../../arm-none-eabi/lib/thumb/v7e-m+fp/hard\libc_nano.a
END GROUP
START GROUP
LOAD C:/ST/STM32CubeIDE_1.18.1/STM32CubeIDE/plugins/com.st.stm32cube.ide.mcu.externaltools.gnu-tools-for-stm32.13.3.rel1.win32_1.0.0.202411081344/tools/bin/../lib/gcc/arm-none-eabi/13.3.1/thumb/v7e-m+fp/hard\libgcc.a
LOAD C:/ST/STM32CubeIDE_1.18.1/STM32CubeIDE/plugins/com.st.stm32cube.ide.mcu.externaltools.gnu-tools-for-stm32.13.3.rel1.win32_1.0.0.202411081344/tools/bin/../lib/gcc/arm-none-eabi/13.3.1/../../../../arm-none-eabi/lib/thumb/v7e-m+fp/hard\libc_nano.a
LOAD C:/ST/STM32CubeIDE_1.18.1/STM32CubeIDE/plugins/com.st.stm32cube.ide.mcu.externaltools.gnu-tools-for-stm32.13.3.rel1.win32_1.0.0.202411081344/tools/bin/../lib/gcc/arm-none-eabi/13.3.1/../../../../arm-none-eabi/lib/thumb/v7e-m+fp/hard\libnosys.a
END GROUP
START GROUP
LOAD C:/ST/STM32CubeIDE_1.18.1/STM32CubeIDE/plugins/com.st.stm32cube.ide.mcu.externaltools.gnu-tools-for-stm32.13.3.rel1.win32_1.0.0.202411081344/tools/bin/../lib/gcc/arm-none-eabi/13.3.1/thumb/v7e-m+fp/hard\libgcc.a
LOAD C:/ST/STM32CubeIDE_1.18.1/STM32CubeIDE/plugins/com.st.stm32cube.ide.mcu.externaltools.gnu-tools-for-stm32.13.3.rel1.win32_1.0.0.202411081344/tools/bin/../lib/gcc/arm-none-eabi/13.3.1/../../../../arm-none-eabi/lib/thumb/v7e-m+fp/hard\libc_nano.a
LOAD C:/ST/STM32CubeIDE_1.18.1/STM32CubeIDE/plugins/com.st.stm32cube.ide.mcu.externaltools.gnu-tools-for-stm32.13.3.rel1.win32_1.0.0.202411081344/tools/bin/../lib/gcc/arm-none-eabi/13.3.1/../../../../arm-none-eabi/lib/thumb/v7e-m+fp/hard\libnosys.a
END GROUP
LOAD C:/ST/STM32CubeIDE_1.18.1/STM32CubeIDE/plugins/com.st.stm32cube.ide.mcu.externaltools.gnu-tools-for-stm32.13.3.rel1.win32_1.0.0.202411081344/tools/bin/../lib/gcc/arm-none-eabi/13.3.1/thumb/v7e-m+fp/hard/crtend.o
LOAD C:/ST/STM32CubeIDE_1.18.1/STM32CubeIDE/plugins/com.st.stm32cube.ide.mcu.externaltools.gnu-tools-for-stm32.13.3.rel1.win32_1.0.0.202411081344/tools/bin/../lib/gcc/arm-none-eabi/13.3.1/thumb/v7e-m+fp/hard/crtn.o
                0x2001c000                        _estack = (ORIGIN (RAM) + LENGTH (RAM))
                0x00000800                        _Min_Heap_Size = 0x800
                0x00000800                        _Min_Stack_Size = 0x800

.isr_vector     0x08000000      0x188
                0x08000000                        . = ALIGN (0x4)
 *(.isr_vector)
 .isr_vector    0x08000000      0x188 ./Core/Startup/startup_stm32f407vgtx.o
                0x08000000                g_pfnVectors
                0x08000188                        . = ALIGN (0x4)

.text           0x08000190     0xd044
                0x08000190                        . = ALIGN (0x4)
 *(.text)
 .text          0x08000190       0x40 C:/ST/STM32CubeIDE_1.18.1/STM32CubeIDE/plugins/com.st.stm32cube.ide.mcu.externaltools.gnu-tools-for-stm32.13.3.rel1.win32_1.0.0.202411081344/tools/bin/../lib/gcc/arm-none-eabi/13.3.1/thumb/v7e-m+fp/hard/crtbegin.o
 .text          0x080001d0       0x10 C:/ST/STM32CubeIDE_1.18.1/STM32CubeIDE/plugins/com.st.stm32cube.ide.mcu.externaltools.gnu-tools-for-stm32.13.3.rel1.win32_1.0.0.202411081344/tools/bin/../lib/gcc/arm-none-eabi/13.3.1/../../../../arm-none-eabi/lib/thumb/v7e-m+fp/hard\libc_nano.a(libc_a-strlen.o)
                0x080001d0                strlen
 .text          0x080001e0       0xa0 C:/ST/STM32CubeIDE_1.18.1/STM32CubeIDE/plugins/com.st.stm32cube.ide.mcu.externaltools.gnu-tools-for-stm32.13.3.rel1.win32_1.0.0.202411081344/tools/bin/../lib/gcc/arm-none-eabi/13.3.1/../../../../arm-none-eabi/lib/thumb/v7e-m+fp/hard\libc_nano.a(libc_a-memchr.o)
                0x080001e0                memchr
 .text          0x08000280       0x30 C:/ST/STM32CubeIDE_1.18.1/STM32CubeIDE/plugins/com.st.stm32cube.ide.mcu.externaltools.gnu-tools-for-stm32.13.3.rel1.win32_1.0.0.202411081344/tools/bin/../lib/gcc/arm-none-eabi/13.3.1/thumb/v7e-m+fp/hard\libgcc.a(_aeabi_uldivmod.o)
                0x08000280                __aeabi_uldivmod
 .text          0x080002b0      0x2f8 C:/ST/STM32CubeIDE_1.18.1/STM32CubeIDE/plugins/com.st.stm32cube.ide.mcu.externaltools.gnu-tools-for-stm32.13.3.rel1.win32_1.0.0.202411081344/tools/bin/../lib/gcc/arm-none-eabi/13.3.1/thumb/v7e-m+fp/hard\libgcc.a(_udivmoddi4.o)
                0x080002b0                __udivmoddi4
 .text          0x080005a8        0x4 C:/ST/STM32CubeIDE_1.18.1/STM32CubeIDE/plugins/com.st.stm32cube.ide.mcu.externaltools.gnu-tools-for-stm32.13.3.rel1.win32_1.0.0.202411081344/tools/bin/../lib/gcc/arm-none-eabi/13.3.1/thumb/v7e-m+fp/hard\libgcc.a(_dvmd_tls.o)
                0x080005a8                __aeabi_idiv0
                0x080005a8                __aeabi_ldiv0
 *(.text*)
 .text.main     0x080005ac       0xec ./Core/Src/main.o
                0x080005ac                main
 .text.SystemClock_Config
                0x08000698       0xd4 ./Core/Src/main.o
                0x08000698                SystemClock_Config
 .text.MX_I2C1_Init
                0x0800076c       0x5c ./Core/Src/main.o
 .text.MX_I2S3_Init
                0x080007c8       0x60 ./Core/Src/main.o
 .text.MX_SPI1_Init
                0x08000828       0x6c ./Core/Src/main.o
 .text.MX_GPIO_Init
                0x08000894      0x1fc ./Core/Src/main.o
 .text.Error_Handler
                0x08000a90        0xc ./Core/Src/main.o
                0x08000a90                Error_Handler
 .text.HAL_MspInit
                0x08000a9c       0x50 ./Core/Src/stm32f4xx_hal_msp.o
                0x08000a9c                HAL_MspInit
 .text.HAL_I2C_MspInit
                0x08000aec       0x90 ./Core/Src/stm32f4xx_hal_msp.o
                0x08000aec                HAL_I2C_MspInit
 .text.HAL_I2S_MspInit
                0x08000b7c      0x100 ./Core/Src/stm32f4xx_hal_msp.o
                0x08000b7c                HAL_I2S_MspInit
 .text.HAL_SPI_MspInit
                0x08000c7c       0x90 ./Core/Src/stm32f4xx_hal_msp.o
                0x08000c7c                HAL_SPI_MspInit
 .text.NMI_Handler
                0x08000d0c        0x8 ./Core/Src/stm32f4xx_it.o
                0x08000d0c                NMI_Handler
 .text.HardFault_Handler
                0x08000d14        0x8 ./Core/Src/stm32f4xx_it.o
                0x08000d14                HardFault_Handler
 .text.MemManage_Handler
                0x08000d1c        0x8 ./Core/Src/stm32f4xx_it.o
                0x08000d1c                MemManage_Handler
 .text.BusFault_Handler
                0x08000d24        0x8 ./Core/Src/stm32f4xx_it.o
                0x08000d24                BusFault_Handler
 .text.UsageFault_Handler
                0x08000d2c        0x8 ./Core/Src/stm32f4xx_it.o
                0x08000d2c                UsageFault_Handler
 .text.SVC_Handler
                0x08000d34        0xe ./Core/Src/stm32f4xx_it.o
                0x08000d34                SVC_Handler
 .text.DebugMon_Handler
                0x08000d42        0xe ./Core/Src/stm32f4xx_it.o
                0x08000d42                DebugMon_Handler
 .text.PendSV_Handler
                0x08000d50        0xe ./Core/Src/stm32f4xx_it.o
                0x08000d50                PendSV_Handler
 .text.SysTick_Handler
                0x08000d5e        0xc ./Core/Src/stm32f4xx_it.o
                0x08000d5e                SysTick_Handler
 *fill*         0x08000d6a        0x2 
 .text.OTG_FS_IRQHandler
                0x08000d6c       0x14 ./Core/Src/stm32f4xx_it.o
                0x08000d6c                OTG_FS_IRQHandler
 .text._read    0x08000d80       0x3a ./Core/Src/syscalls.o
                0x08000d80                _read
 .text._write   0x08000dba       0x38 ./Core/Src/syscalls.o
                0x08000dba                _write
 .text._close   0x08000df2       0x18 ./Core/Src/syscalls.o
                0x08000df2                _close
 .text._fstat   0x08000e0a       0x20 ./Core/Src/syscalls.o
                0x08000e0a                _fstat
 .text._isatty  0x08000e2a       0x16 ./Core/Src/syscalls.o
                0x08000e2a                _isatty
 .text._lseek   0x08000e40       0x1a ./Core/Src/syscalls.o
                0x08000e40                _lseek
 *fill*         0x08000e5a        0x2 
 .text._sbrk    0x08000e5c       0x6c ./Core/Src/sysmem.o
                0x08000e5c                _sbrk
 .text.SystemInit
                0x08000ec8       0x24 ./Core/Src/system_stm32f4xx.o
                0x08000ec8                SystemInit
 .text.CDC_Proto_Init
                0x08000eec       0x58 ./Core/Src/usb_cdc_handler.o
                0x08000eec                CDC_Proto_Init
 .text.CDC_SendDebugString
                0x08000f44       0x7c ./Core/Src/usb_cdc_handler.o
                0x08000f44                CDC_SendDebugString
 .text.CDC_Printf
                0x08000fc0       0x38 ./Core/Src/usb_cdc_handler.o
                0x08000fc0                CDC_Printf
 .text.CDC_SendHandshake
                0x08000ff8       0xe0 ./Core/Src/usb_cdc_handler.o
                0x08000ff8                CDC_SendHandshake
 .text.CDC_PullChunk
                0x080010d8      0x14c ./Core/Src/usb_cdc_handler.o
                0x080010d8                CDC_PullChunk
 .text.CDC_Proto_RxCallback
                0x08001224      0x1ac ./Core/Src/usb_cdc_handler.o
                0x08001224                CDC_Proto_RxCallback
 .text.CDC_JumpToBootloader
                0x080013d0       0x88 ./Core/Src/usb_cdc_handler.o
                0x080013d0                CDC_JumpToBootloader
 .text.CDC_Proto_CommandCallback
                0x08001458       0x38 ./Core/Src/usb_cdc_handler.o
                0x08001458                CDC_Proto_CommandCallback
 .text.Reset_Handler
                0x08001490       0x50 ./Core/Startup/startup_stm32f407vgtx.o
                0x08001490                Reset_Handler
 .text.Default_Handler
                0x080014e0        0x2 ./Core/Startup/startup_stm32f407vgtx.o
                0x080014e0                RTC_Alarm_IRQHandler
                0x080014e0                HASH_RNG_IRQHandler
                0x080014e0                EXTI2_IRQHandler
                0x080014e0                TIM8_CC_IRQHandler
                0x080014e0                TIM1_CC_IRQHandler
                0x080014e0                DMA2_Stream5_IRQHandler
                0x080014e0                DMA1_Stream5_IRQHandler
                0x080014e0                PVD_IRQHandler
                0x080014e0                SDIO_IRQHandler
                0x080014e0                TAMP_STAMP_IRQHandler
                0x080014e0                CAN2_RX1_IRQHandler
                0x080014e0                EXTI3_IRQHandler
                0x080014e0                TIM8_TRG_COM_TIM14_IRQHandler
                0x080014e0                TIM1_UP_TIM10_IRQHandler
                0x080014e0                TIM8_UP_TIM13_IRQHandler
                0x080014e0                I2C3_ER_IRQHandler
                0x080014e0                EXTI0_IRQHandler
                0x080014e0                I2C2_EV_IRQHandler
                0x080014e0                DMA1_Stream2_IRQHandler
                0x080014e0                CAN1_RX0_IRQHandler
                0x080014e0                FPU_IRQHandler
                0x080014e0                OTG_HS_WKUP_IRQHandler
                0x080014e0                CAN2_SCE_IRQHandler
                0x080014e0                DMA2_Stream2_IRQHandler
                0x080014e0                SPI1_IRQHandler
                0x080014e0                TIM6_DAC_IRQHandler
                0x080014e0                TIM1_BRK_TIM9_IRQHandler
                0x080014e0                DCMI_IRQHandler
                0x080014e0                CAN2_RX0_IRQHandler
                0x080014e0                DMA2_Stream3_IRQHandler
                0x080014e0                USART6_IRQHandler
                0x080014e0                USART3_IRQHandler
                0x080014e0                CAN1_RX1_IRQHandler
                0x080014e0                UART5_IRQHandler
                0x080014e0                DMA2_Stream0_IRQHandler
                0x080014e0                TIM4_IRQHandler
                0x080014e0                I2C1_EV_IRQHandler
                0x080014e0                DMA1_Stream6_IRQHandler
                0x080014e0                DMA1_Stream1_IRQHandler
                0x080014e0                UART4_IRQHandler
                0x080014e0                TIM3_IRQHandler
                0x080014e0                RCC_IRQHandler
                0x080014e0                TIM8_BRK_TIM12_IRQHandler
                0x080014e0                Default_Handler
                0x080014e0                EXTI15_10_IRQHandler
                0x080014e0                ADC_IRQHandler
                0x080014e0                DMA1_Stream7_IRQHandler
                0x080014e0                TIM7_IRQHandler
                0x080014e0                CAN2_TX_IRQHandler
                0x080014e0                TIM5_IRQHandler
                0x080014e0                DMA2_Stream7_IRQHandler
                0x080014e0                I2C3_EV_IRQHandler
                0x080014e0                EXTI9_5_IRQHandler
                0x080014e0                RTC_WKUP_IRQHandler
                0x080014e0                ETH_WKUP_IRQHandler
                0x080014e0                SPI2_IRQHandler
                0x080014e0                OTG_HS_EP1_IN_IRQHandler
                0x080014e0                DMA1_Stream0_IRQHandler
                0x080014e0                CAN1_TX_IRQHandler
                0x080014e0                EXTI4_IRQHandler
                0x080014e0                FSMC_IRQHandler
                0x080014e0                ETH_IRQHandler
                0x080014e0                OTG_HS_EP1_OUT_IRQHandler
                0x080014e0                WWDG_IRQHandler
                0x080014e0                TIM2_IRQHandler
                0x080014e0                OTG_FS_WKUP_IRQHandler
                0x080014e0                TIM1_TRG_COM_TIM11_IRQHandler
                0x080014e0                OTG_HS_IRQHandler
                0x080014e0                EXTI1_IRQHandler
                0x080014e0                USART2_IRQHandler
                0x080014e0                I2C2_ER_IRQHandler
                0x080014e0                DMA2_Stream1_IRQHandler
                0x080014e0                CAN1_SCE_IRQHandler
                0x080014e0                FLASH_IRQHandler
                0x080014e0                DMA2_Stream4_IRQHandler
                0x080014e0                USART1_IRQHandler
                0x080014e0                SPI3_IRQHandler
                0x080014e0                DMA1_Stream4_IRQHandler
                0x080014e0                I2C1_ER_IRQHandler
                0x080014e0                DMA2_Stream6_IRQHandler
                0x080014e0                DMA1_Stream3_IRQHandler
 *fill*         0x080014e2        0x2 
 .text.HAL_Init
                0x080014e4       0x44 ./Drivers/STM32F4xx_HAL_Driver/Src/stm32f4xx_hal.o
                0x080014e4                HAL_Init
 .text.HAL_DeInit
                0x08001528       0x5c ./Drivers/STM32F4xx_HAL_Driver/Src/stm32f4xx_hal.o
                0x08001528                HAL_DeInit
 .text.HAL_MspDeInit
                0x08001584        0xe ./Drivers/STM32F4xx_HAL_Driver/Src/stm32f4xx_hal.o
                0x08001584                HAL_MspDeInit
 *fill*         0x08001592        0x2 
 .text.HAL_InitTick
                0x08001594       0x60 ./Drivers/STM32F4xx_HAL_Driver/Src/stm32f4xx_hal.o
                0x08001594                HAL_InitTick
 .text.HAL_IncTick
                0x080015f4       0x28 ./Drivers/STM32F4xx_HAL_Driver/Src/stm32f4xx_hal.o
                0x080015f4                HAL_IncTick
 .text.HAL_GetTick
                0x0800161c       0x18 ./Drivers/STM32F4xx_HAL_Driver/Src/stm32f4xx_hal.o
                0x0800161c                HAL_GetTick
 .text.HAL_Delay
                0x08001634       0x48 ./Drivers/STM32F4xx_HAL_Driver/Src/stm32f4xx_hal.o
                0x08001634                HAL_Delay
 .text.__NVIC_SetPriorityGrouping
                0x0800167c       0x48 ./Drivers/STM32F4xx_HAL_Driver/Src/stm32f4xx_hal_cortex.o
 .text.__NVIC_GetPriorityGrouping
                0x080016c4       0x1c ./Drivers/STM32F4xx_HAL_Driver/Src/stm32f4xx_hal_cortex.o
 .text.__NVIC_EnableIRQ
                0x080016e0       0x3c ./Drivers/STM32F4xx_HAL_Driver/Src/stm32f4xx_hal_cortex.o
 .text.__NVIC_SetPriority
                0x0800171c       0x54 ./Drivers/STM32F4xx_HAL_Driver/Src/stm32f4xx_hal_cortex.o
 .text.NVIC_EncodePriority
                0x08001770       0x66 ./Drivers/STM32F4xx_HAL_Driver/Src/stm32f4xx_hal_cortex.o
 *fill*         0x080017d6        0x2 
 .text.SysTick_Config
                0x080017d8       0x44 ./Drivers/STM32F4xx_HAL_Driver/Src/stm32f4xx_hal_cortex.o
 .text.HAL_NVIC_SetPriorityGrouping
                0x0800181c       0x16 ./Drivers/STM32F4xx_HAL_Driver/Src/stm32f4xx_hal_cortex.o
                0x0800181c                HAL_NVIC_SetPriorityGrouping
 .text.HAL_NVIC_SetPriority
                0x08001832       0x38 ./Drivers/STM32F4xx_HAL_Driver/Src/stm32f4xx_hal_cortex.o
                0x08001832                HAL_NVIC_SetPriority
 .text.HAL_NVIC_EnableIRQ
                0x0800186a       0x1c ./Drivers/STM32F4xx_HAL_Driver/Src/stm32f4xx_hal_cortex.o
                0x0800186a                HAL_NVIC_EnableIRQ
 .text.HAL_SYSTICK_Config
                0x08001886       0x18 ./Drivers/STM32F4xx_HAL_Driver/Src/stm32f4xx_hal_cortex.o
                0x08001886                HAL_SYSTICK_Config
 *fill*         0x0800189e        0x2 
 .text.HAL_GPIO_Init
                0x080018a0      0x338 ./Drivers/STM32F4xx_HAL_Driver/Src/stm32f4xx_hal_gpio.o
                0x080018a0                HAL_GPIO_Init
 .text.HAL_GPIO_WritePin
                0x08001bd8       0x32 ./Drivers/STM32F4xx_HAL_Driver/Src/stm32f4xx_hal_gpio.o
                0x08001bd8                HAL_GPIO_WritePin
 .text.HAL_GPIO_TogglePin
                0x08001c0a       0x34 ./Drivers/STM32F4xx_HAL_Driver/Src/stm32f4xx_hal_gpio.o
                0x08001c0a                HAL_GPIO_TogglePin
 *fill*         0x08001c3e        0x2 
 .text.HAL_I2C_Init
                0x08001c40      0x288 ./Drivers/STM32F4xx_HAL_Driver/Src/stm32f4xx_hal_i2c.o
                0x08001c40                HAL_I2C_Init
 .text.HAL_I2S_Init
                0x08001ec8      0x280 ./Drivers/STM32F4xx_HAL_Driver/Src/stm32f4xx_hal_i2s.o
                0x08001ec8                HAL_I2S_Init
 .text.HAL_I2S_TxCpltCallback
                0x08002148       0x14 ./Drivers/STM32F4xx_HAL_Driver/Src/stm32f4xx_hal_i2s.o
                0x08002148                HAL_I2S_TxCpltCallback
 .text.HAL_I2S_RxCpltCallback
                0x0800215c       0x14 ./Drivers/STM32F4xx_HAL_Driver/Src/stm32f4xx_hal_i2s.o
                0x0800215c                HAL_I2S_RxCpltCallback
 .text.HAL_I2S_ErrorCallback
                0x08002170       0x14 ./Drivers/STM32F4xx_HAL_Driver/Src/stm32f4xx_hal_i2s.o
                0x08002170                HAL_I2S_ErrorCallback
 .text.I2S_Transmit_IT
                0x08002184       0x5c ./Drivers/STM32F4xx_HAL_Driver/Src/stm32f4xx_hal_i2s.o
 .text.I2S_Receive_IT
                0x080021e0       0x5e ./Drivers/STM32F4xx_HAL_Driver/Src/stm32f4xx_hal_i2s.o
 .text.I2S_IRQHandler
                0x0800223e      0x114 ./Drivers/STM32F4xx_HAL_Driver/Src/stm32f4xx_hal_i2s.o
 *fill*         0x08002352        0x2 
 .text.HAL_I2SEx_FullDuplex_IRQHandler
                0x08002354      0x2a8 ./Drivers/STM32F4xx_HAL_Driver/Src/stm32f4xx_hal_i2s_ex.o
                0x08002354                HAL_I2SEx_FullDuplex_IRQHandler
 .text.HAL_I2SEx_TxRxCpltCallback
                0x080025fc       0x14 ./Drivers/STM32F4xx_HAL_Driver/Src/stm32f4xx_hal_i2s_ex.o
                0x080025fc                HAL_I2SEx_TxRxCpltCallback
 .text.I2SEx_TxISR_I2S
                0x08002610       0x62 ./Drivers/STM32F4xx_HAL_Driver/Src/stm32f4xx_hal_i2s_ex.o
 *fill*         0x08002672        0x2 
 .text.I2SEx_TxISR_I2SExt
                0x08002674       0x98 ./Drivers/STM32F4xx_HAL_Driver/Src/stm32f4xx_hal_i2s_ex.o
 .text.I2SEx_RxISR_I2S
                0x0800270c       0x64 ./Drivers/STM32F4xx_HAL_Driver/Src/stm32f4xx_hal_i2s_ex.o
 .text.I2SEx_RxISR_I2SExt
                0x08002770       0x98 ./Drivers/STM32F4xx_HAL_Driver/Src/stm32f4xx_hal_i2s_ex.o
 .text.HAL_PCD_Init
                0x08002808      0x21e ./Drivers/STM32F4xx_HAL_Driver/Src/stm32f4xx_hal_pcd.o
                0x08002808                HAL_PCD_Init
 .text.HAL_PCD_Start
                0x08002a26       0x6a ./Drivers/STM32F4xx_HAL_Driver/Src/stm32f4xx_hal_pcd.o
                0x08002a26                HAL_PCD_Start
 .text.HAL_PCD_IRQHandler
                0x08002a90      0x942 ./Drivers/STM32F4xx_HAL_Driver/Src/stm32f4xx_hal_pcd.o
                0x08002a90                HAL_PCD_IRQHandler
 .text.HAL_PCD_SetAddress
                0x080033d2       0x48 ./Drivers/STM32F4xx_HAL_Driver/Src/stm32f4xx_hal_pcd.o
                0x080033d2                HAL_PCD_SetAddress
 .text.HAL_PCD_EP_Open
                0x0800341a       0xd4 ./Drivers/STM32F4xx_HAL_Driver/Src/stm32f4xx_hal_pcd.o
                0x0800341a                HAL_PCD_EP_Open
 .text.HAL_PCD_EP_Close
                0x080034ee       0x94 ./Drivers/STM32F4xx_HAL_Driver/Src/stm32f4xx_hal_pcd.o
                0x080034ee                HAL_PCD_EP_Close
 .text.HAL_PCD_EP_Receive
                0x08003582       0x76 ./Drivers/STM32F4xx_HAL_Driver/Src/stm32f4xx_hal_pcd.o
                0x08003582                HAL_PCD_EP_Receive
 .text.HAL_PCD_EP_GetRxCount
                0x080035f8       0x30 ./Drivers/STM32F4xx_HAL_Driver/Src/stm32f4xx_hal_pcd.o
                0x080035f8                HAL_PCD_EP_GetRxCount
 .text.HAL_PCD_EP_Transmit
                0x08003628       0x74 ./Drivers/STM32F4xx_HAL_Driver/Src/stm32f4xx_hal_pcd.o
                0x08003628                HAL_PCD_EP_Transmit
 .text.HAL_PCD_EP_SetStall
                0x0800369c       0xc6 ./Drivers/STM32F4xx_HAL_Driver/Src/stm32f4xx_hal_pcd.o
                0x0800369c                HAL_PCD_EP_SetStall
 .text.HAL_PCD_EP_ClrStall
                0x08003762       0xac ./Drivers/STM32F4xx_HAL_Driver/Src/stm32f4xx_hal_pcd.o
                0x08003762                HAL_PCD_EP_ClrStall
 .text.HAL_PCD_EP_Abort
                0x0800380e       0x62 ./Drivers/STM32F4xx_HAL_Driver/Src/stm32f4xx_hal_pcd.o
                0x0800380e                HAL_PCD_EP_Abort
 .text.PCD_WriteEmptyTxFifo
                0x08003870      0x118 ./Drivers/STM32F4xx_HAL_Driver/Src/stm32f4xx_hal_pcd.o
 .text.PCD_EP_OutXfrComplete_int
                0x08003988      0x1d0 ./Drivers/STM32F4xx_HAL_Driver/Src/stm32f4xx_hal_pcd.o
 .text.PCD_EP_OutSetupPacket_int
                0x08003b58       0x8c ./Drivers/STM32F4xx_HAL_Driver/Src/stm32f4xx_hal_pcd.o
 .text.HAL_PCDEx_SetTxFiFo
                0x08003be4       0x8e ./Drivers/STM32F4xx_HAL_Driver/Src/stm32f4xx_hal_pcd_ex.o
                0x08003be4                HAL_PCDEx_SetTxFiFo
 .text.HAL_PCDEx_SetRxFiFo
                0x08003c72       0x22 ./Drivers/STM32F4xx_HAL_Driver/Src/stm32f4xx_hal_pcd_ex.o
                0x08003c72                HAL_PCDEx_SetRxFiFo
 .text.HAL_PCDEx_LPM_Callback
                0x08003c94       0x18 ./Drivers/STM32F4xx_HAL_Driver/Src/stm32f4xx_hal_pcd_ex.o
                0x08003c94                HAL_PCDEx_LPM_Callback
 .text.HAL_RCC_OscConfig
                0x08003cac      0x4f0 ./Drivers/STM32F4xx_HAL_Driver/Src/stm32f4xx_hal_rcc.o
                0x08003cac                HAL_RCC_OscConfig
 .text.HAL_RCC_ClockConfig
                0x0800419c      0x1cc ./Drivers/STM32F4xx_HAL_Driver/Src/stm32f4xx_hal_rcc.o
                0x0800419c                HAL_RCC_ClockConfig
 .text.HAL_RCC_GetSysClockFreq
                0x08004368      0x20c ./Drivers/STM32F4xx_HAL_Driver/Src/stm32f4xx_hal_rcc.o
                0x08004368                HAL_RCC_GetSysClockFreq
 .text.HAL_RCC_GetHCLKFreq
                0x08004574       0x18 ./Drivers/STM32F4xx_HAL_Driver/Src/stm32f4xx_hal_rcc.o
                0x08004574                HAL_RCC_GetHCLKFreq
 .text.HAL_RCC_GetPCLK1Freq
                0x0800458c       0x28 ./Drivers/STM32F4xx_HAL_Driver/Src/stm32f4xx_hal_rcc.o
                0x0800458c                HAL_RCC_GetPCLK1Freq
 .text.HAL_RCCEx_PeriphCLKConfig
                0x080045b4      0x1c4 ./Drivers/STM32F4xx_HAL_Driver/Src/stm32f4xx_hal_rcc_ex.o
                0x080045b4                HAL_RCCEx_PeriphCLKConfig
 .text.HAL_RCCEx_GetPeriphCLKFreq
                0x08004778       0xc0 ./Drivers/STM32F4xx_HAL_Driver/Src/stm32f4xx_hal_rcc_ex.o
                0x08004778                HAL_RCCEx_GetPeriphCLKFreq
 .text.HAL_RCC_DeInit
                0x08004838      0x19c ./Drivers/STM32F4xx_HAL_Driver/Src/stm32f4xx_hal_rcc_ex.o
                0x08004838                HAL_RCC_DeInit
 .text.HAL_SPI_Init
                0x080049d4      0x112 ./Drivers/STM32F4xx_HAL_Driver/Src/stm32f4xx_hal_spi.o
                0x080049d4                HAL_SPI_Init
 .text.USB_CoreInit
                0x08004ae6       0xc8 ./Drivers/STM32F4xx_HAL_Driver/Src/stm32f4xx_ll_usb.o
                0x08004ae6                USB_CoreInit
 *fill*         0x08004bae        0x2 
 .text.USB_SetTurnaroundTime
                0x08004bb0      0x144 ./Drivers/STM32F4xx_HAL_Driver/Src/stm32f4xx_ll_usb.o
                0x08004bb0                USB_SetTurnaroundTime
 .text.USB_EnableGlobalInt
                0x08004cf4       0x22 ./Drivers/STM32F4xx_HAL_Driver/Src/stm32f4xx_ll_usb.o
                0x08004cf4                USB_EnableGlobalInt
 .text.USB_DisableGlobalInt
                0x08004d16       0x22 ./Drivers/STM32F4xx_HAL_Driver/Src/stm32f4xx_ll_usb.o
                0x08004d16                USB_DisableGlobalInt
 .text.USB_SetCurrentMode
                0x08004d38       0x98 ./Drivers/STM32F4xx_HAL_Driver/Src/stm32f4xx_ll_usb.o
                0x08004d38                USB_SetCurrentMode
 .text.USB_DevInit
                0x08004dd0      0x2c8 ./Drivers/STM32F4xx_HAL_Driver/Src/stm32f4xx_ll_usb.o
                0x08004dd0                USB_DevInit
 .text.USB_FlushTxFifo
                0x08005098       0x64 ./Drivers/STM32F4xx_HAL_Driver/Src/stm32f4xx_ll_usb.o
                0x08005098                USB_FlushTxFifo
 .text.USB_FlushRxFifo
                0x080050fc       0x5c ./Drivers/STM32F4xx_HAL_Driver/Src/stm32f4xx_ll_usb.o
                0x080050fc                USB_FlushRxFifo
 .text.USB_SetDevSpeed
                0x08005158       0x32 ./Drivers/STM32F4xx_HAL_Driver/Src/stm32f4xx_ll_usb.o
                0x08005158                USB_SetDevSpeed
 .text.USB_GetDevSpeed
                0x0800518a       0x4a ./Drivers/STM32F4xx_HAL_Driver/Src/stm32f4xx_ll_usb.o
                0x0800518a                USB_GetDevSpeed
 .text.USB_ActivateEndpoint
                0x080051d4      0x10e ./Drivers/STM32F4xx_HAL_Driver/Src/stm32f4xx_ll_usb.o
                0x080051d4                USB_ActivateEndpoint
 *fill*         0x080052e2        0x2 
 .text.USB_DeactivateEndpoint
                0x080052e4      0x1b8 ./Drivers/STM32F4xx_HAL_Driver/Src/stm32f4xx_ll_usb.o
                0x080052e4                USB_DeactivateEndpoint
 .text.USB_EPStartXfer
                0x0800549c      0x53c ./Drivers/STM32F4xx_HAL_Driver/Src/stm32f4xx_ll_usb.o
                0x0800549c                USB_EPStartXfer
 .text.USB_EPStopXfer
                0x080059d8      0x154 ./Drivers/STM32F4xx_HAL_Driver/Src/stm32f4xx_ll_usb.o
                0x080059d8                USB_EPStopXfer
 .text.USB_WritePacket
                0x08005b2c       0x7c ./Drivers/STM32F4xx_HAL_Driver/Src/stm32f4xx_ll_usb.o
                0x08005b2c                USB_WritePacket
 .text.USB_ReadPacket
                0x08005ba8       0xb0 ./Drivers/STM32F4xx_HAL_Driver/Src/stm32f4xx_ll_usb.o
                0x08005ba8                USB_ReadPacket
 .text.USB_EPSetStall
                0x08005c58       0xdc ./Drivers/STM32F4xx_HAL_Driver/Src/stm32f4xx_ll_usb.o
                0x08005c58                USB_EPSetStall
 .text.USB_EPClearStall
                0x08005d34       0xcc ./Drivers/STM32F4xx_HAL_Driver/Src/stm32f4xx_ll_usb.o
                0x08005d34                USB_EPClearStall
 .text.USB_SetDevAddress
                0x08005e00       0x4c ./Drivers/STM32F4xx_HAL_Driver/Src/stm32f4xx_ll_usb.o
                0x08005e00                USB_SetDevAddress
 .text.USB_DevConnect
                0x08005e4c       0x42 ./Drivers/STM32F4xx_HAL_Driver/Src/stm32f4xx_ll_usb.o
                0x08005e4c                USB_DevConnect
 .text.USB_DevDisconnect
                0x08005e8e       0x42 ./Drivers/STM32F4xx_HAL_Driver/Src/stm32f4xx_ll_usb.o
                0x08005e8e                USB_DevDisconnect
 .text.USB_ReadInterrupts
                0x08005ed0       0x26 ./Drivers/STM32F4xx_HAL_Driver/Src/stm32f4xx_ll_usb.o
                0x08005ed0                USB_ReadInterrupts
 .text.USB_ReadDevAllOutEpInterrupt
                0x08005ef6       0x34 ./Drivers/STM32F4xx_HAL_Driver/Src/stm32f4xx_ll_usb.o
                0x08005ef6                USB_ReadDevAllOutEpInterrupt
 .text.USB_ReadDevAllInEpInterrupt
                0x08005f2a       0x34 ./Drivers/STM32F4xx_HAL_Driver/Src/stm32f4xx_ll_usb.o
                0x08005f2a                USB_ReadDevAllInEpInterrupt
 .text.USB_ReadDevOutEPInterrupt
                0x08005f5e       0x3c ./Drivers/STM32F4xx_HAL_Driver/Src/stm32f4xx_ll_usb.o
                0x08005f5e                USB_ReadDevOutEPInterrupt
 .text.USB_ReadDevInEPInterrupt
                0x08005f9a       0x5c ./Drivers/STM32F4xx_HAL_Driver/Src/stm32f4xx_ll_usb.o
                0x08005f9a                USB_ReadDevInEPInterrupt
 .text.USB_GetMode
                0x08005ff6       0x1c ./Drivers/STM32F4xx_HAL_Driver/Src/stm32f4xx_ll_usb.o
                0x08005ff6                USB_GetMode
 .text.USB_ActivateSetup
                0x08006012       0x46 ./Drivers/STM32F4xx_HAL_Driver/Src/stm32f4xx_ll_usb.o
                0x08006012                USB_ActivateSetup
 .text.USB_EP0_OutStart
                0x08006058       0xbc ./Drivers/STM32F4xx_HAL_Driver/Src/stm32f4xx_ll_usb.o
                0x08006058                USB_EP0_OutStart
 .text.USB_CoreReset
                0x08006114       0x70 ./Drivers/STM32F4xx_HAL_Driver/Src/stm32f4xx_ll_usb.o
 .text.USBD_CDC_Init
                0x08006184      0x1f0 ./Middlewares/ST/STM32_USB_Device_Library/Class/CDC/Src/usbd_cdc.o
 .text.USBD_CDC_DeInit
                0x08006374      0x104 ./Middlewares/ST/STM32_USB_Device_Library/Class/CDC/Src/usbd_cdc.o
 .text.USBD_CDC_Setup
                0x08006478      0x1b8 ./Middlewares/ST/STM32_USB_Device_Library/Class/CDC/Src/usbd_cdc.o
 .text.USBD_CDC_DataIn
                0x08006630       0xfe ./Middlewares/ST/STM32_USB_Device_Library/Class/CDC/Src/usbd_cdc.o
 .text.USBD_CDC_DataOut
                0x0800672e       0x70 ./Middlewares/ST/STM32_USB_Device_Library/Class/CDC/Src/usbd_cdc.o
 .text.USBD_CDC_EP0_RxReady
                0x0800679e       0x74 ./Middlewares/ST/STM32_USB_Device_Library/Class/CDC/Src/usbd_cdc.o
 *fill*         0x08006812        0x2 
 .text.USBD_CDC_GetFSCfgDesc
                0x08006814       0x70 ./Middlewares/ST/STM32_USB_Device_Library/Class/CDC/Src/usbd_cdc.o
 .text.USBD_CDC_GetHSCfgDesc
                0x08006884       0x70 ./Middlewares/ST/STM32_USB_Device_Library/Class/CDC/Src/usbd_cdc.o
 .text.USBD_CDC_GetOtherSpeedCfgDesc
                0x080068f4       0x70 ./Middlewares/ST/STM32_USB_Device_Library/Class/CDC/Src/usbd_cdc.o
 .text.USBD_CDC_GetDeviceQualifierDescriptor
                0x08006964       0x20 ./Middlewares/ST/STM32_USB_Device_Library/Class/CDC/Src/usbd_cdc.o
                0x08006964                USBD_CDC_GetDeviceQualifierDescriptor
 .text.USBD_CDC_RegisterInterface
                0x08006984       0x34 ./Middlewares/ST/STM32_USB_Device_Library/Class/CDC/Src/usbd_cdc.o
                0x08006984                USBD_CDC_RegisterInterface
 .text.USBD_CDC_SetTxBuffer
                0x080069b8       0x44 ./Middlewares/ST/STM32_USB_Device_Library/Class/CDC/Src/usbd_cdc.o
                0x080069b8                USBD_CDC_SetTxBuffer
 .text.USBD_CDC_SetRxBuffer
                0x080069fc       0x3a ./Middlewares/ST/STM32_USB_Device_Library/Class/CDC/Src/usbd_cdc.o
                0x080069fc                USBD_CDC_SetRxBuffer
 *fill*         0x08006a36        0x2 
 .text.USBD_CDC_TransmitPacket
                0x08006a38       0x80 ./Middlewares/ST/STM32_USB_Device_Library/Class/CDC/Src/usbd_cdc.o
                0x08006a38                USBD_CDC_TransmitPacket
 .text.USBD_CDC_ReceivePacket
                0x08006ab8       0x6c ./Middlewares/ST/STM32_USB_Device_Library/Class/CDC/Src/usbd_cdc.o
                0x08006ab8                USBD_CDC_ReceivePacket
 .text.USBD_Init
                0x08006b24       0x60 ./Middlewares/ST/STM32_USB_Device_Library/Core/Src/usbd_core.o
                0x08006b24                USBD_Init
 .text.USBD_RegisterClass
                0x08006b84       0x6c ./Middlewares/ST/STM32_USB_Device_Library/Core/Src/usbd_core.o
                0x08006b84                USBD_RegisterClass
 .text.USBD_Start
                0x08006bf0       0x18 ./Middlewares/ST/STM32_USB_Device_Library/Core/Src/usbd_core.o
                0x08006bf0                USBD_Start
 .text.USBD_RunTestMode
                0x08006c08       0x16 ./Middlewares/ST/STM32_USB_Device_Library/Core/Src/usbd_core.o
                0x08006c08                USBD_RunTestMode
 .text.USBD_SetClassConfig
                0x08006c1e       0x38 ./Middlewares/ST/STM32_USB_Device_Library/Core/Src/usbd_core.o
                0x08006c1e                USBD_SetClassConfig
 .text.USBD_ClrClassConfig
                0x08006c56       0x34 ./Middlewares/ST/STM32_USB_Device_Library/Core/Src/usbd_core.o
                0x08006c56                USBD_ClrClassConfig
 .text.USBD_LL_SetupStage
                0x08006c8a       0xaa ./Middlewares/ST/STM32_USB_Device_Library/Core/Src/usbd_core.o
                0x08006c8a                USBD_LL_SetupStage
 .text.USBD_LL_DataOutStage
                0x08006d34      0x178 ./Middlewares/ST/STM32_USB_Device_Library/Core/Src/usbd_core.o
                0x08006d34                USBD_LL_DataOutStage
 .text.USBD_LL_DataInStage
                0x08006eac      0x176 ./Middlewares/ST/STM32_USB_Device_Library/Core/Src/usbd_core.o
                0x08006eac                USBD_LL_DataInStage
 .text.USBD_LL_Reset
                0x08007022       0xa6 ./Middlewares/ST/STM32_USB_Device_Library/Core/Src/usbd_core.o
                0x08007022                USBD_LL_Reset
 .text.USBD_LL_SetSpeed
                0x080070c8       0x20 ./Middlewares/ST/STM32_USB_Device_Library/Core/Src/usbd_core.o
                0x080070c8                USBD_LL_SetSpeed
 .text.USBD_LL_Suspend
                0x080070e8       0x38 ./Middlewares/ST/STM32_USB_Device_Library/Core/Src/usbd_core.o
                0x080070e8                USBD_LL_Suspend
 .text.USBD_LL_Resume
                0x08007120       0x30 ./Middlewares/ST/STM32_USB_Device_Library/Core/Src/usbd_core.o
                0x08007120                USBD_LL_Resume
 .text.USBD_LL_SOF
                0x08007150       0x40 ./Middlewares/ST/STM32_USB_Device_Library/Core/Src/usbd_core.o
                0x08007150                USBD_LL_SOF
 .text.USBD_LL_IsoINIncomplete
                0x08007190       0x64 ./Middlewares/ST/STM32_USB_Device_Library/Core/Src/usbd_core.o
                0x08007190                USBD_LL_IsoINIncomplete
 .text.USBD_LL_IsoOUTIncomplete
                0x080071f4       0x64 ./Middlewares/ST/STM32_USB_Device_Library/Core/Src/usbd_core.o
                0x080071f4                USBD_LL_IsoOUTIncomplete
 .text.USBD_LL_DevConnected
                0x08007258       0x16 ./Middlewares/ST/STM32_USB_Device_Library/Core/Src/usbd_core.o
                0x08007258                USBD_LL_DevConnected
 .text.USBD_LL_DevDisconnected
                0x0800726e       0x46 ./Middlewares/ST/STM32_USB_Device_Library/Core/Src/usbd_core.o
                0x0800726e                USBD_LL_DevDisconnected
 .text.USBD_CoreFindIF
                0x080072b4       0x1a ./Middlewares/ST/STM32_USB_Device_Library/Core/Src/usbd_core.o
                0x080072b4                USBD_CoreFindIF
 .text.USBD_CoreFindEP
                0x080072ce       0x1a ./Middlewares/ST/STM32_USB_Device_Library/Core/Src/usbd_core.o
                0x080072ce                USBD_CoreFindEP
 .text.USBD_GetEpDesc
                0x080072e8       0x70 ./Middlewares/ST/STM32_USB_Device_Library/Core/Src/usbd_core.o
                0x080072e8                USBD_GetEpDesc
 .text.USBD_GetNextDesc
                0x08007358       0x38 ./Middlewares/ST/STM32_USB_Device_Library/Core/Src/usbd_core.o
                0x08007358                USBD_GetNextDesc
 .text.SWAPBYTE
                0x08007390       0x3e ./Middlewares/ST/STM32_USB_Device_Library/Core/Src/usbd_ctlreq.o
 *fill*         0x080073ce        0x2 
 .text.USBD_StdDevReq
                0x080073d0       0xe4 ./Middlewares/ST/STM32_USB_Device_Library/Core/Src/usbd_ctlreq.o
                0x080073d0                USBD_StdDevReq
 .text.USBD_StdItfReq
                0x080074b4       0xd8 ./Middlewares/ST/STM32_USB_Device_Library/Core/Src/usbd_ctlreq.o
                0x080074b4                USBD_StdItfReq
 .text.USBD_StdEPReq
                0x0800758c      0x33e ./Middlewares/ST/STM32_USB_Device_Library/Core/Src/usbd_ctlreq.o
                0x0800758c                USBD_StdEPReq
 *fill*         0x080078ca        0x2 
 .text.USBD_GetDescriptor
                0x080078cc      0x2d4 ./Middlewares/ST/STM32_USB_Device_Library/Core/Src/usbd_ctlreq.o
 .text.USBD_SetAddress
                0x08007ba0       0x88 ./Middlewares/ST/STM32_USB_Device_Library/Core/Src/usbd_ctlreq.o
 .text.USBD_SetConfig
                0x08007c28      0x154 ./Middlewares/ST/STM32_USB_Device_Library/Core/Src/usbd_ctlreq.o
 .text.USBD_GetConfig
                0x08007d7c       0x6c ./Middlewares/ST/STM32_USB_Device_Library/Core/Src/usbd_ctlreq.o
 .text.USBD_GetStatus
                0x08007de8       0x68 ./Middlewares/ST/STM32_USB_Device_Library/Core/Src/usbd_ctlreq.o
 .text.USBD_SetFeature
                0x08007e50       0x52 ./Middlewares/ST/STM32_USB_Device_Library/Core/Src/usbd_ctlreq.o
 .text.USBD_ClrFeature
                0x08007ea2       0x44 ./Middlewares/ST/STM32_USB_Device_Library/Core/Src/usbd_ctlreq.o
 .text.USBD_ParseSetupRequest
                0x08007ee6       0x74 ./Middlewares/ST/STM32_USB_Device_Library/Core/Src/usbd_ctlreq.o
                0x08007ee6                USBD_ParseSetupRequest
 .text.USBD_CtlError
                0x08007f5a       0x22 ./Middlewares/ST/STM32_USB_Device_Library/Core/Src/usbd_ctlreq.o
                0x08007f5a                USBD_CtlError
 .text.USBD_GetString
                0x08007f7c       0xa4 ./Middlewares/ST/STM32_USB_Device_Library/Core/Src/usbd_ctlreq.o
                0x08007f7c                USBD_GetString
 .text.USBD_GetLen
                0x08008020       0x34 ./Middlewares/ST/STM32_USB_Device_Library/Core/Src/usbd_ctlreq.o
 .text.USBD_CtlSendData
                0x08008054       0x3c ./Middlewares/ST/STM32_USB_Device_Library/Core/Src/usbd_ioreq.o
                0x08008054                USBD_CtlSendData
 .text.USBD_CtlContinueSendData
                0x08008090       0x22 ./Middlewares/ST/STM32_USB_Device_Library/Core/Src/usbd_ioreq.o
                0x08008090                USBD_CtlContinueSendData
 .text.USBD_CtlPrepareRx
                0x080080b2       0x42 ./Middlewares/ST/STM32_USB_Device_Library/Core/Src/usbd_ioreq.o
                0x080080b2                USBD_CtlPrepareRx
 .text.USBD_CtlContinueRx
                0x080080f4       0x22 ./Middlewares/ST/STM32_USB_Device_Library/Core/Src/usbd_ioreq.o
                0x080080f4                USBD_CtlContinueRx
 .text.USBD_CtlSendStatus
                0x08008116       0x26 ./Middlewares/ST/STM32_USB_Device_Library/Core/Src/usbd_ioreq.o
                0x08008116                USBD_CtlSendStatus
 .text.USBD_CtlReceiveStatus
                0x0800813c       0x26 ./Middlewares/ST/STM32_USB_Device_Library/Core/Src/usbd_ioreq.o
                0x0800813c                USBD_CtlReceiveStatus
 *fill*         0x08008162        0x2 
 .text.MX_USB_DEVICE_Init
                0x08008164       0x60 ./USB_DEVICE/App/usb_device.o
                0x08008164                MX_USB_DEVICE_Init
 .text.CDC_Init_FS
                0x080081c4       0x28 ./USB_DEVICE/App/usbd_cdc_if.o
 .text.CDC_DeInit_FS
                0x080081ec       0x10 ./USB_DEVICE/App/usbd_cdc_if.o
 .text.CDC_Control_FS
                0x080081fc       0xbc ./USB_DEVICE/App/usbd_cdc_if.o
 .text.CDC_Receive_FS
                0x080082b8       0x34 ./USB_DEVICE/App/usbd_cdc_if.o
 .text.CDC_Transmit_FS
                0x080082ec       0x4c ./USB_DEVICE/App/usbd_cdc_if.o
                0x080082ec                CDC_Transmit_FS
 .text.CDC_TransmitCplt_FS
                0x08008338       0x22 ./USB_DEVICE/App/usbd_cdc_if.o
 *fill*         0x0800835a        0x2 
 .text.USBD_FS_DeviceDescriptor
                0x0800835c       0x24 ./USB_DEVICE/App/usbd_desc.o
                0x0800835c                USBD_FS_DeviceDescriptor
 .text.USBD_FS_LangIDStrDescriptor
                0x08008380       0x24 ./USB_DEVICE/App/usbd_desc.o
                0x08008380                USBD_FS_LangIDStrDescriptor
 .text.USBD_FS_ProductStrDescriptor
                0x080083a4       0x3c ./USB_DEVICE/App/usbd_desc.o
                0x080083a4                USBD_FS_ProductStrDescriptor
 .text.USBD_FS_ManufacturerStrDescriptor
                0x080083e0       0x28 ./USB_DEVICE/App/usbd_desc.o
                0x080083e0                USBD_FS_ManufacturerStrDescriptor
 .text.USBD_FS_SerialStrDescriptor
                0x08008408       0x24 ./USB_DEVICE/App/usbd_desc.o
                0x08008408                USBD_FS_SerialStrDescriptor
 .text.USBD_FS_ConfigStrDescriptor
                0x0800842c       0x3c ./USB_DEVICE/App/usbd_desc.o
                0x0800842c                USBD_FS_ConfigStrDescriptor
 .text.USBD_FS_InterfaceStrDescriptor
                0x08008468       0x3c ./USB_DEVICE/App/usbd_desc.o
                0x08008468                USBD_FS_InterfaceStrDescriptor
 .text.Get_SerialNum
                0x080084a4       0x58 ./USB_DEVICE/App/usbd_desc.o
 .text.IntToUnicode
                0x080084fc       0x7e ./USB_DEVICE/App/usbd_desc.o
 *fill*         0x0800857a        0x2 
 .text.HAL_PCD_MspInit
                0x0800857c       0xc4 ./USB_DEVICE/Target/usbd_conf.o
                0x0800857c                HAL_PCD_MspInit
 .text.HAL_PCD_SetupStageCallback
                0x08008640       0x24 ./USB_DEVICE/Target/usbd_conf.o
                0x08008640                HAL_PCD_SetupStageCallback
 .text.HAL_PCD_DataOutStageCallback
                0x08008664       0x36 ./USB_DEVICE/Target/usbd_conf.o
                0x08008664                HAL_PCD_DataOutStageCallback
 .text.HAL_PCD_DataInStageCallback
                0x0800869a       0x34 ./USB_DEVICE/Target/usbd_conf.o
                0x0800869a                HAL_PCD_DataInStageCallback
 .text.HAL_PCD_SOFCallback
                0x080086ce       0x1c ./USB_DEVICE/Target/usbd_conf.o
                0x080086ce                HAL_PCD_SOFCallback
 .text.HAL_PCD_ResetCallback
                0x080086ea       0x50 ./USB_DEVICE/Target/usbd_conf.o
                0x080086ea                HAL_PCD_ResetCallback
 *fill*         0x0800873a        0x2 
 .text.HAL_PCD_SuspendCallback
                0x0800873c       0x4c ./USB_DEVICE/Target/usbd_conf.o
                0x0800873c                HAL_PCD_SuspendCallback
 .text.HAL_PCD_ResumeCallback
                0x08008788       0x1c ./USB_DEVICE/Target/usbd_conf.o
                0x08008788                HAL_PCD_ResumeCallback
 .text.HAL_PCD_ISOOUTIncompleteCallback
                0x080087a4       0x24 ./USB_DEVICE/Target/usbd_conf.o
                0x080087a4                HAL_PCD_ISOOUTIncompleteCallback
 .text.HAL_PCD_ISOINIncompleteCallback
                0x080087c8       0x24 ./USB_DEVICE/Target/usbd_conf.o
                0x080087c8                HAL_PCD_ISOINIncompleteCallback
 .text.HAL_PCD_ConnectCallback
                0x080087ec       0x1c ./USB_DEVICE/Target/usbd_conf.o
                0x080087ec                HAL_PCD_ConnectCallback
 .text.HAL_PCD_DisconnectCallback
                0x08008808       0x1c ./USB_DEVICE/Target/usbd_conf.o
                0x08008808                HAL_PCD_DisconnectCallback
 .text.USBD_LL_Init
                0x08008824       0x98 ./USB_DEVICE/Target/usbd_conf.o
                0x08008824                USBD_LL_Init
 .text.USBD_LL_Start
                0x080088bc       0x36 ./USB_DEVICE/Target/usbd_conf.o
                0x080088bc                USBD_LL_Start
 .text.USBD_LL_OpenEP
                0x080088f2       0x4c ./USB_DEVICE/Target/usbd_conf.o
                0x080088f2                USBD_LL_OpenEP
 .text.USBD_LL_CloseEP
                0x0800893e       0x3e ./USB_DEVICE/Target/usbd_conf.o
                0x0800893e                USBD_LL_CloseEP
 .text.USBD_LL_StallEP
                0x0800897c       0x3e ./USB_DEVICE/Target/usbd_conf.o
                0x0800897c                USBD_LL_StallEP
 .text.USBD_LL_ClearStallEP
                0x080089ba       0x3e ./USB_DEVICE/Target/usbd_conf.o
                0x080089ba                USBD_LL_ClearStallEP
 .text.USBD_LL_IsStallEP
                0x080089f8       0x58 ./USB_DEVICE/Target/usbd_conf.o
                0x080089f8                USBD_LL_IsStallEP
 .text.USBD_LL_SetUSBAddress
                0x08008a50       0x3e ./USB_DEVICE/Target/usbd_conf.o
                0x08008a50                USBD_LL_SetUSBAddress
 .text.USBD_LL_Transmit
                0x08008a8e       0x42 ./USB_DEVICE/Target/usbd_conf.o
                0x08008a8e                USBD_LL_Transmit
 .text.USBD_LL_PrepareReceive
                0x08008ad0       0x42 ./USB_DEVICE/Target/usbd_conf.o
                0x08008ad0                USBD_LL_PrepareReceive
 .text.USBD_LL_GetRxDataSize
                0x08008b12       0x26 ./USB_DEVICE/Target/usbd_conf.o
                0x08008b12                USBD_LL_GetRxDataSize
 .text.USBD_static_malloc
                0x08008b38       0x1c ./USB_DEVICE/Target/usbd_conf.o
                0x08008b38                USBD_static_malloc
 .text.USBD_static_free
                0x08008b54       0x14 ./USB_DEVICE/Target/usbd_conf.o
                0x08008b54                USBD_static_free
 .text.USBD_Get_USB_Status
                0x08008b68       0x58 ./USB_DEVICE/Target/usbd_conf.o
                0x08008b68                USBD_Get_USB_Status
 .text.ai_log_err
                0x08008bc0       0x4c ./X-CUBE-AI/App/app_x-cube-ai.o
 .text.ai_boostrap
                0x08008c0c       0xc8 ./X-CUBE-AI/App/app_x-cube-ai.o
 .text.ai_run   0x08008cd4       0x54 ./X-CUBE-AI/App/app_x-cube-ai.o
 .text.acquire_and_process_data
                0x08008d28      0x114 ./X-CUBE-AI/App/app_x-cube-ai.o
                0x08008d28                acquire_and_process_data
 .text.post_process
                0x08008e3c       0x90 ./X-CUBE-AI/App/app_x-cube-ai.o
                0x08008e3c                post_process
 .text.MX_X_CUBE_AI_Init
                0x08008ecc       0x28 ./X-CUBE-AI/App/app_x-cube-ai.o
                0x08008ecc                MX_X_CUBE_AI_Init
 .text.MX_X_CUBE_AI_Process
                0x08008ef4       0x74 ./X-CUBE-AI/App/app_x-cube-ai.o
                0x08008ef4                MX_X_CUBE_AI_Process
 .text.network_configure_activations
                0x08008f68       0xd8 ./X-CUBE-AI/App/network.o
 .text.network_configure_weights
                0x08009040       0xd4 ./X-CUBE-AI/App/network.o
 .text.ai_network_get_error
                0x08009114       0x18 ./X-CUBE-AI/App/network.o
                0x08009114                ai_network_get_error
 .text.ai_network_create
                0x0800912c       0x2c ./X-CUBE-AI/App/network.o
                0x0800912c                ai_network_create
 .text.ai_network_create_and_init
                0x08009158       0xfc ./X-CUBE-AI/App/network.o
                0x08009158                ai_network_create_and_init
 .text.ai_network_inputs_get
                0x08009254       0x34 ./X-CUBE-AI/App/network.o
                0x08009254                ai_network_inputs_get
 .text.ai_network_outputs_get
                0x08009288       0x34 ./X-CUBE-AI/App/network.o
                0x08009288                ai_network_outputs_get
 .text.ai_network_init
                0x080092bc       0x78 ./X-CUBE-AI/App/network.o
                0x080092bc                ai_network_init
 .text.ai_network_run
                0x08009334       0x20 ./X-CUBE-AI/App/network.o
                0x08009334                ai_network_run
 .text.ai_network_data_params_get
                0x08009354       0x50 ./X-CUBE-AI/App/network_data.o
                0x08009354                ai_network_data_params_get
 .text.ai_buffer_get_size
                0x080093a4       0x64 ../Middlewares/ST/AI/Lib\NetworkRuntime1020_CM4_GCC.a(ai_platform.o)
                0x080093a4                ai_buffer_get_size
 .text.ai_buffer_array_sane
                0x08009408       0x14 ../Middlewares/ST/AI/Lib\NetworkRuntime1020_CM4_GCC.a(ai_platform.o)
                0x08009408                ai_buffer_array_sane
 .text.ai_buffer_array_item_set_address
                0x0800941c       0x1c ../Middlewares/ST/AI/Lib\NetworkRuntime1020_CM4_GCC.a(ai_platform.o)
                0x0800941c                ai_buffer_array_item_set_address
 .text.ai_platform_get_weights_map
                0x08009438       0xa4 ../Middlewares/ST/AI/Lib\NetworkRuntime1020_CM4_GCC.a(ai_platform_interface.o)
                0x08009438                ai_platform_get_weights_map
 .text.ai_platform_get_activations_map
                0x080094dc       0xa8 ../Middlewares/ST/AI/Lib\NetworkRuntime1020_CM4_GCC.a(ai_platform_interface.o)
                0x080094dc                ai_platform_get_activations_map
 .text.ai_platform_bind_network_params
                0x08009584       0x44 ../Middlewares/ST/AI/Lib\NetworkRuntime1020_CM4_GCC.a(ai_platform_interface.o)
                0x08009584                ai_platform_bind_network_params
 .text.ai_platform_network_get_error
                0x080095c8       0x18 ../Middlewares/ST/AI/Lib\NetworkRuntime1020_CM4_GCC.a(ai_platform_interface.o)
                0x080095c8                ai_platform_network_get_error
 .text.ai_platform_network_set_error
                0x080095e0        0xc ../Middlewares/ST/AI/Lib\NetworkRuntime1020_CM4_GCC.a(ai_platform_interface.o)
                0x080095e0                ai_platform_network_set_error
 .text.ai_platform_inputs_get
                0x080095ec       0xec ../Middlewares/ST/AI/Lib\NetworkRuntime1020_CM4_GCC.a(ai_platform_interface.o)
                0x080095ec                ai_platform_inputs_get
 .text.ai_platform_outputs_get
                0x080096d8       0xe4 ../Middlewares/ST/AI/Lib\NetworkRuntime1020_CM4_GCC.a(ai_platform_interface.o)
                0x080096d8                ai_platform_outputs_get
 .text.ai_platform_network_create
                0x080097bc       0x84 ../Middlewares/ST/AI/Lib\NetworkRuntime1020_CM4_GCC.a(ai_platform_interface.o)
                0x080097bc                ai_platform_network_create
 .text.ai_platform_network_init
                0x08009840      0x130 ../Middlewares/ST/AI/Lib\NetworkRuntime1020_CM4_GCC.a(ai_platform_interface.o)
                0x08009840                ai_platform_network_init
 .text.ai_platform_network_post_init
                0x08009970       0x5c ../Middlewares/ST/AI/Lib\NetworkRuntime1020_CM4_GCC.a(ai_platform_interface.o)
                0x08009970                ai_platform_network_post_init
 .text.ai_platform_network_process
                0x080099cc      0x438 ../Middlewares/ST/AI/Lib\NetworkRuntime1020_CM4_GCC.a(ai_platform_interface.o)
                0x080099cc                ai_platform_network_process
 .text.core_init
                0x08009e04        0x4 ../Middlewares/ST/AI/Lib\NetworkRuntime1020_CM4_GCC.a(core_common.o)
                0x08009e04                core_init
 .text.core_get_error
                0x08009e08        0xc ../Middlewares/ST/AI/Lib\NetworkRuntime1020_CM4_GCC.a(core_common.o)
                0x08009e08                core_get_error
 .text.core_set_error
                0x08009e14       0x18 ../Middlewares/ST/AI/Lib\NetworkRuntime1020_CM4_GCC.a(core_common.o)
                0x08009e14                core_set_error
 .text.ai_check_custom_types
                0x08009e2c       0x54 ../Middlewares/ST/AI/Lib\NetworkRuntime1020_CM4_GCC.a(layers.o)
                0x08009e2c                ai_check_custom_types
 .text.ai_layers_init_all
                0x08009e80       0x20 ../Middlewares/ST/AI/Lib\NetworkRuntime1020_CM4_GCC.a(layers.o)
                0x08009e80                ai_layers_init_all
 .text.ai_layers_post_init_all
                0x08009ea0       0x3c ../Middlewares/ST/AI/Lib\NetworkRuntime1020_CM4_GCC.a(layers.o)
                0x08009ea0                ai_layers_post_init_all
 .text.ai_layers_forward_all
                0x08009edc       0x90 ../Middlewares/ST/AI/Lib\NetworkRuntime1020_CM4_GCC.a(layers.o)
                0x08009edc                ai_layers_forward_all
 .text.forward_conv2d_if32of32wf32_nl_pool
                0x08009f6c      0x2d4 ../Middlewares/ST/AI/Lib\NetworkRuntime1020_CM4_GCC.a(layers_conv2d_generic_float.o)
                0x08009f6c                forward_conv2d_if32of32wf32_nl_pool
 .text.forward_dense
                0x0800a240      0x100 ../Middlewares/ST/AI/Lib\NetworkRuntime1020_CM4_GCC.a(layers_conv2d_generic_float.o)
                0x0800a240                forward_dense
 .text.forward_sm
                0x0800a340       0x84 ../Middlewares/ST/AI/Lib\NetworkRuntime1020_CM4_GCC.a(layers_nl_generic_float.o)
                0x0800a340                forward_sm
 .text.forward_lite_conv2d_if32of32wf32_pool
                0x0800a3c4      0x830 ../Middlewares/ST/AI/Lib\NetworkRuntime1020_CM4_GCC.a(forward_lite_conv2d_if32of32wf32.o)
                0x0800a3c4                forward_lite_conv2d_if32of32wf32_pool
 .text.forward_lite_nl_softmax_if32of32_kernel
                0x0800abf4       0xf0 ../Middlewares/ST/AI/Lib\NetworkRuntime1020_CM4_GCC.a(lite_nl_softmax_if32of32.o)
                0x0800abf4                forward_lite_nl_softmax_if32of32_kernel
 .text.pool_func_mp_array_f32
                0x0800ace4      0x468 ../Middlewares/ST/AI/Lib\NetworkRuntime1020_CM4_GCC.a(forward_lite_pool_f32.o)
                0x0800ace4                pool_func_mp_array_f32
 .text.forward_lite_dense_if32of32wf32
                0x0800b14c      0x2ac ../Middlewares/ST/AI/Lib\NetworkRuntime1020_CM4_GCC.a(lite_dense_if32.o)
                0x0800b14c                forward_lite_dense_if32of32wf32
 .text.forward_lite_dense_if32of32wf32_lut4
                0x0800b3f8      0x288 ../Middlewares/ST/AI/Lib\NetworkRuntime1020_CM4_GCC.a(lite_dense_if32.o)
                0x0800b3f8                forward_lite_dense_if32of32wf32_lut4
 .text.forward_lite_dense_if32of32wf32_lut8
                0x0800b680      0x298 ../Middlewares/ST/AI/Lib\NetworkRuntime1020_CM4_GCC.a(lite_dense_if32.o)
                0x0800b680                forward_lite_dense_if32of32wf32_lut8
 .text.forward_lite_nl_softmax_if32of32
                0x0800b918       0x64 ../Middlewares/ST/AI/Lib\NetworkRuntime1020_CM4_GCC.a(lite_nl_generic_float.o)
                0x0800b918                forward_lite_nl_softmax_if32of32
 .text.st_int8_copy
                0x0800b97c      0x13c ../Middlewares/ST/AI/Lib\NetworkRuntime1020_CM4_GCC.a(st_int8_fill.o)
                0x0800b97c                st_int8_copy
 .text.ai_array_to_buffer_fmt
                0x0800bab8       0xe0 ../Middlewares/ST/AI/Lib\NetworkRuntime1020_CM4_GCC.a(ai_datatypes_format.o)
                0x0800bab8                ai_array_to_buffer_fmt
 .text.ai_array_get_byte_size
                0x0800bb98       0x3c ../Middlewares/ST/AI/Lib\NetworkRuntime1020_CM4_GCC.a(ai_datatypes_format.o)
                0x0800bb98                ai_array_get_byte_size
 .text.ai_array_get_data_byte_size
                0x0800bbd4       0x24 ../Middlewares/ST/AI/Lib\NetworkRuntime1020_CM4_GCC.a(ai_datatypes_format.o)
                0x0800bbd4                ai_array_get_data_byte_size
 .text.ai_version_get
                0x0800bbf8        0xc ../Middlewares/ST/AI/Lib\NetworkRuntime1020_CM4_GCC.a(ai_datatypes_internal.o)
                0x0800bbf8                ai_version_get
 .text.get_tensor_byte_size
                0x0800bc04       0x30 ../Middlewares/ST/AI/Lib\NetworkRuntime1020_CM4_GCC.a(ai_datatypes_internal.o)
                0x0800bc04                get_tensor_byte_size
 .text.expf     0x0800bc34       0x6c C:/ST/STM32CubeIDE_1.18.1/STM32CubeIDE/plugins/com.st.stm32cube.ide.mcu.externaltools.gnu-tools-for-stm32.13.3.rel1.win32_1.0.0.202411081344/tools/bin/../lib/gcc/arm-none-eabi/13.3.1/../../../../arm-none-eabi/lib/thumb/v7e-m+fp/hard\libm.a(libm_a-wf_exp.o)
                0x0800bc34                expf
 .text.finitef  0x0800bca0       0x14 C:/ST/STM32CubeIDE_1.18.1/STM32CubeIDE/plugins/com.st.stm32cube.ide.mcu.externaltools.gnu-tools-for-stm32.13.3.rel1.win32_1.0.0.202411081344/tools/bin/../lib/gcc/arm-none-eabi/13.3.1/../../../../arm-none-eabi/lib/thumb/v7e-m+fp/hard\libm.a(libm_a-sf_finite.o)
                0x0800bca0                finitef
 .text.with_errnof
                0x0800bcb4       0x1c C:/ST/STM32CubeIDE_1.18.1/STM32CubeIDE/plugins/com.st.stm32cube.ide.mcu.externaltools.gnu-tools-for-stm32.13.3.rel1.win32_1.0.0.202411081344/tools/bin/../lib/gcc/arm-none-eabi/13.3.1/../../../../arm-none-eabi/lib/thumb/v7e-m+fp/hard\libm.a(libm_a-math_errf.o)
 .text.xflowf   0x0800bcd0       0x16 C:/ST/STM32CubeIDE_1.18.1/STM32CubeIDE/plugins/com.st.stm32cube.ide.mcu.externaltools.gnu-tools-for-stm32.13.3.rel1.win32_1.0.0.202411081344/tools/bin/../lib/gcc/arm-none-eabi/13.3.1/../../../../arm-none-eabi/lib/thumb/v7e-m+fp/hard\libm.a(libm_a-math_errf.o)
 *fill*         0x0800bce6        0x2 
 .text.__math_uflowf
                0x0800bce8        0xc C:/ST/STM32CubeIDE_1.18.1/STM32CubeIDE/plugins/com.st.stm32cube.ide.mcu.externaltools.gnu-tools-for-stm32.13.3.rel1.win32_1.0.0.202411081344/tools/bin/../lib/gcc/arm-none-eabi/13.3.1/../../../../arm-none-eabi/lib/thumb/v7e-m+fp/hard\libm.a(libm_a-math_errf.o)
                0x0800bce8                __math_uflowf
 .text.__math_oflowf
                0x0800bcf4        0xc C:/ST/STM32CubeIDE_1.18.1/STM32CubeIDE/plugins/com.st.stm32cube.ide.mcu.externaltools.gnu-tools-for-stm32.13.3.rel1.win32_1.0.0.202411081344/tools/bin/../lib/gcc/arm-none-eabi/13.3.1/../../../../arm-none-eabi/lib/thumb/v7e-m+fp/hard\libm.a(libm_a-math_errf.o)
                0x0800bcf4                __math_oflowf
 .text.__ieee754_expf
                0x0800bd00      0x19c C:/ST/STM32CubeIDE_1.18.1/STM32CubeIDE/plugins/com.st.stm32cube.ide.mcu.externaltools.gnu-tools-for-stm32.13.3.rel1.win32_1.0.0.202411081344/tools/bin/../lib/gcc/arm-none-eabi/13.3.1/../../../../arm-none-eabi/lib/thumb/v7e-m+fp/hard\libm.a(libm_a-ef_exp.o)
                0x0800bd00                __ieee754_expf
 .text.sbrk_aligned
                0x0800be9c       0x44 C:/ST/STM32CubeIDE_1.18.1/STM32CubeIDE/plugins/com.st.stm32cube.ide.mcu.externaltools.gnu-tools-for-stm32.13.3.rel1.win32_1.0.0.202411081344/tools/bin/../lib/gcc/arm-none-eabi/13.3.1/../../../../arm-none-eabi/lib/thumb/v7e-m+fp/hard\libc_nano.a(libc_a-mallocr.o)
 .text._malloc_r
                0x0800bee0      0x100 C:/ST/STM32CubeIDE_1.18.1/STM32CubeIDE/plugins/com.st.stm32cube.ide.mcu.externaltools.gnu-tools-for-stm32.13.3.rel1.win32_1.0.0.202411081344/tools/bin/../lib/gcc/arm-none-eabi/13.3.1/../../../../arm-none-eabi/lib/thumb/v7e-m+fp/hard\libc_nano.a(libc_a-mallocr.o)
                0x0800bee0                _malloc_r
 .text.__malloc_lock
                0x0800bfe0        0xc C:/ST/STM32CubeIDE_1.18.1/STM32CubeIDE/plugins/com.st.stm32cube.ide.mcu.externaltools.gnu-tools-for-stm32.13.3.rel1.win32_1.0.0.202411081344/tools/bin/../lib/gcc/arm-none-eabi/13.3.1/../../../../arm-none-eabi/lib/thumb/v7e-m+fp/hard\libc_nano.a(libc_a-mlock.o)
                0x0800bfe0                __malloc_lock
 .text.__malloc_unlock
                0x0800bfec        0xc C:/ST/STM32CubeIDE_1.18.1/STM32CubeIDE/plugins/com.st.stm32cube.ide.mcu.externaltools.gnu-tools-for-stm32.13.3.rel1.win32_1.0.0.202411081344/tools/bin/../lib/gcc/arm-none-eabi/13.3.1/../../../../arm-none-eabi/lib/thumb/v7e-m+fp/hard\libc_nano.a(libc_a-mlock.o)
                0x0800bfec                __malloc_unlock
 .text._realloc_r
                0x0800bff8       0x5c C:/ST/STM32CubeIDE_1.18.1/STM32CubeIDE/plugins/com.st.stm32cube.ide.mcu.externaltools.gnu-tools-for-stm32.13.3.rel1.win32_1.0.0.202411081344/tools/bin/../lib/gcc/arm-none-eabi/13.3.1/../../../../arm-none-eabi/lib/thumb/v7e-m+fp/hard\libc_nano.a(libc_a-reallocr.o)
                0x0800bff8                _realloc_r
 .text.std      0x0800c054       0x6c C:/ST/STM32CubeIDE_1.18.1/STM32CubeIDE/plugins/com.st.stm32cube.ide.mcu.externaltools.gnu-tools-for-stm32.13.3.rel1.win32_1.0.0.202411081344/tools/bin/../lib/gcc/arm-none-eabi/13.3.1/../../../../arm-none-eabi/lib/thumb/v7e-m+fp/hard\libc_nano.a(libc_a-findfp.o)
 .text.stdio_exit_handler
                0x0800c0c0       0x18 C:/ST/STM32CubeIDE_1.18.1/STM32CubeIDE/plugins/com.st.stm32cube.ide.mcu.externaltools.gnu-tools-for-stm32.13.3.rel1.win32_1.0.0.202411081344/tools/bin/../lib/gcc/arm-none-eabi/13.3.1/../../../../arm-none-eabi/lib/thumb/v7e-m+fp/hard\libc_nano.a(libc_a-findfp.o)
 .text.cleanup_stdio
                0x0800c0d8       0x40 C:/ST/STM32CubeIDE_1.18.1/STM32CubeIDE/plugins/com.st.stm32cube.ide.mcu.externaltools.gnu-tools-for-stm32.13.3.rel1.win32_1.0.0.202411081344/tools/bin/../lib/gcc/arm-none-eabi/13.3.1/../../../../arm-none-eabi/lib/thumb/v7e-m+fp/hard\libc_nano.a(libc_a-findfp.o)
 .text.global_stdio_init.part.0
                0x0800c118       0x3c C:/ST/STM32CubeIDE_1.18.1/STM32CubeIDE/plugins/com.st.stm32cube.ide.mcu.externaltools.gnu-tools-for-stm32.13.3.rel1.win32_1.0.0.202411081344/tools/bin/../lib/gcc/arm-none-eabi/13.3.1/../../../../arm-none-eabi/lib/thumb/v7e-m+fp/hard\libc_nano.a(libc_a-findfp.o)
 .text.__sfp_lock_acquire
                0x0800c154        0xc C:/ST/STM32CubeIDE_1.18.1/STM32CubeIDE/plugins/com.st.stm32cube.ide.mcu.externaltools.gnu-tools-for-stm32.13.3.rel1.win32_1.0.0.202411081344/tools/bin/../lib/gcc/arm-none-eabi/13.3.1/../../../../arm-none-eabi/lib/thumb/v7e-m+fp/hard\libc_nano.a(libc_a-findfp.o)
                0x0800c154                __sfp_lock_acquire
 .text.__sfp_lock_release
                0x0800c160        0xc C:/ST/STM32CubeIDE_1.18.1/STM32CubeIDE/plugins/com.st.stm32cube.ide.mcu.externaltools.gnu-tools-for-stm32.13.3.rel1.win32_1.0.0.202411081344/tools/bin/../lib/gcc/arm-none-eabi/13.3.1/../../../../arm-none-eabi/lib/thumb/v7e-m+fp/hard\libc_nano.a(libc_a-findfp.o)
                0x0800c160                __sfp_lock_release
 .text.__sinit  0x0800c16c       0x30 C:/ST/STM32CubeIDE_1.18.1/STM32CubeIDE/plugins/com.st.stm32cube.ide.mcu.externaltools.gnu-tools-for-stm32.13.3.rel1.win32_1.0.0.202411081344/tools/bin/../lib/gcc/arm-none-eabi/13.3.1/../../../../arm-none-eabi/lib/thumb/v7e-m+fp/hard\libc_nano.a(libc_a-findfp.o)
                0x0800c16c                __sinit
 .text._fwalk_sglue
                0x0800c19c       0x3c C:/ST/STM32CubeIDE_1.18.1/STM32CubeIDE/plugins/com.st.stm32cube.ide.mcu.externaltools.gnu-tools-for-stm32.13.3.rel1.win32_1.0.0.202411081344/tools/bin/../lib/gcc/arm-none-eabi/13.3.1/../../../../arm-none-eabi/lib/thumb/v7e-m+fp/hard\libc_nano.a(libc_a-fwalk.o)
                0x0800c19c                _fwalk_sglue
 .text.printf   0x0800c1d8       0x24 C:/ST/STM32CubeIDE_1.18.1/STM32CubeIDE/plugins/com.st.stm32cube.ide.mcu.externaltools.gnu-tools-for-stm32.13.3.rel1.win32_1.0.0.202411081344/tools/bin/../lib/gcc/arm-none-eabi/13.3.1/../../../../arm-none-eabi/lib/thumb/v7e-m+fp/hard\libc_nano.a(libc_a-printf.o)
                0x0800c1d8                iprintf
                0x0800c1d8                printf
 .text._puts_r  0x0800c1fc       0xaa C:/ST/STM32CubeIDE_1.18.1/STM32CubeIDE/plugins/com.st.stm32cube.ide.mcu.externaltools.gnu-tools-for-stm32.13.3.rel1.win32_1.0.0.202411081344/tools/bin/../lib/gcc/arm-none-eabi/13.3.1/../../../../arm-none-eabi/lib/thumb/v7e-m+fp/hard\libc_nano.a(libc_a-puts.o)
                0x0800c1fc                _puts_r
 *fill*         0x0800c2a6        0x2 
 .text.puts     0x0800c2a8       0x10 C:/ST/STM32CubeIDE_1.18.1/STM32CubeIDE/plugins/com.st.stm32cube.ide.mcu.externaltools.gnu-tools-for-stm32.13.3.rel1.win32_1.0.0.202411081344/tools/bin/../lib/gcc/arm-none-eabi/13.3.1/../../../../arm-none-eabi/lib/thumb/v7e-m+fp/hard\libc_nano.a(libc_a-puts.o)
                0x0800c2a8                puts
 .text.__sread  0x0800c2b8       0x22 C:/ST/STM32CubeIDE_1.18.1/STM32CubeIDE/plugins/com.st.stm32cube.ide.mcu.externaltools.gnu-tools-for-stm32.13.3.rel1.win32_1.0.0.202411081344/tools/bin/../lib/gcc/arm-none-eabi/13.3.1/../../../../arm-none-eabi/lib/thumb/v7e-m+fp/hard\libc_nano.a(libc_a-stdio.o)
                0x0800c2b8                __sread
 .text.__swrite
                0x0800c2da       0x38 C:/ST/STM32CubeIDE_1.18.1/STM32CubeIDE/plugins/com.st.stm32cube.ide.mcu.externaltools.gnu-tools-for-stm32.13.3.rel1.win32_1.0.0.202411081344/tools/bin/../lib/gcc/arm-none-eabi/13.3.1/../../../../arm-none-eabi/lib/thumb/v7e-m+fp/hard\libc_nano.a(libc_a-stdio.o)
                0x0800c2da                __swrite
 .text.__sseek  0x0800c312       0x24 C:/ST/STM32CubeIDE_1.18.1/STM32CubeIDE/plugins/com.st.stm32cube.ide.mcu.externaltools.gnu-tools-for-stm32.13.3.rel1.win32_1.0.0.202411081344/tools/bin/../lib/gcc/arm-none-eabi/13.3.1/../../../../arm-none-eabi/lib/thumb/v7e-m+fp/hard\libc_nano.a(libc_a-stdio.o)
                0x0800c312                __sseek
 .text.__sclose
                0x0800c336        0x8 C:/ST/STM32CubeIDE_1.18.1/STM32CubeIDE/plugins/com.st.stm32cube.ide.mcu.externaltools.gnu-tools-for-stm32.13.3.rel1.win32_1.0.0.202411081344/tools/bin/../lib/gcc/arm-none-eabi/13.3.1/../../../../arm-none-eabi/lib/thumb/v7e-m+fp/hard\libc_nano.a(libc_a-stdio.o)
                0x0800c336                __sclose
 .text._vsnprintf_r
                0x0800c33e       0x5c C:/ST/STM32CubeIDE_1.18.1/STM32CubeIDE/plugins/com.st.stm32cube.ide.mcu.externaltools.gnu-tools-for-stm32.13.3.rel1.win32_1.0.0.202411081344/tools/bin/../lib/gcc/arm-none-eabi/13.3.1/../../../../arm-none-eabi/lib/thumb/v7e-m+fp/hard\libc_nano.a(libc_a-vsnprintf.o)
                0x0800c33e                _vsniprintf_r
                0x0800c33e                _vsnprintf_r
 *fill*         0x0800c39a        0x2 
 .text.vsnprintf
                0x0800c39c       0x1c C:/ST/STM32CubeIDE_1.18.1/STM32CubeIDE/plugins/com.st.stm32cube.ide.mcu.externaltools.gnu-tools-for-stm32.13.3.rel1.win32_1.0.0.202411081344/tools/bin/../lib/gcc/arm-none-eabi/13.3.1/../../../../arm-none-eabi/lib/thumb/v7e-m+fp/hard\libc_nano.a(libc_a-vsnprintf.o)
                0x0800c39c                vsniprintf
                0x0800c39c                vsnprintf
 .text.__swbuf_r
                0x0800c3b8       0x7c C:/ST/STM32CubeIDE_1.18.1/STM32CubeIDE/plugins/com.st.stm32cube.ide.mcu.externaltools.gnu-tools-for-stm32.13.3.rel1.win32_1.0.0.202411081344/tools/bin/../lib/gcc/arm-none-eabi/13.3.1/../../../../arm-none-eabi/lib/thumb/v7e-m+fp/hard\libc_nano.a(libc_a-wbuf.o)
                0x0800c3b8                __swbuf_r
 .text.__swsetup_r
                0x0800c434       0xac C:/ST/STM32CubeIDE_1.18.1/STM32CubeIDE/plugins/com.st.stm32cube.ide.mcu.externaltools.gnu-tools-for-stm32.13.3.rel1.win32_1.0.0.202411081344/tools/bin/../lib/gcc/arm-none-eabi/13.3.1/../../../../arm-none-eabi/lib/thumb/v7e-m+fp/hard\libc_nano.a(libc_a-wsetup.o)
                0x0800c434                __swsetup_r
 .text.memset   0x0800c4e0       0x10 C:/ST/STM32CubeIDE_1.18.1/STM32CubeIDE/plugins/com.st.stm32cube.ide.mcu.externaltools.gnu-tools-for-stm32.13.3.rel1.win32_1.0.0.202411081344/tools/bin/../lib/gcc/arm-none-eabi/13.3.1/../../../../arm-none-eabi/lib/thumb/v7e-m+fp/hard\libc_nano.a(libc_a-memset.o)
                0x0800c4e0                memset
 .text.strncmp  0x0800c4f0       0x24 C:/ST/STM32CubeIDE_1.18.1/STM32CubeIDE/plugins/com.st.stm32cube.ide.mcu.externaltools.gnu-tools-for-stm32.13.3.rel1.win32_1.0.0.202411081344/tools/bin/../lib/gcc/arm-none-eabi/13.3.1/../../../../arm-none-eabi/lib/thumb/v7e-m+fp/hard\libc_nano.a(libc_a-strncmp.o)
                0x0800c4f0                strncmp
 .text._close_r
                0x0800c514       0x20 C:/ST/STM32CubeIDE_1.18.1/STM32CubeIDE/plugins/com.st.stm32cube.ide.mcu.externaltools.gnu-tools-for-stm32.13.3.rel1.win32_1.0.0.202411081344/tools/bin/../lib/gcc/arm-none-eabi/13.3.1/../../../../arm-none-eabi/lib/thumb/v7e-m+fp/hard\libc_nano.a(libc_a-closer.o)
                0x0800c514                _close_r
 .text._lseek_r
                0x0800c534       0x24 C:/ST/STM32CubeIDE_1.18.1/STM32CubeIDE/plugins/com.st.stm32cube.ide.mcu.externaltools.gnu-tools-for-stm32.13.3.rel1.win32_1.0.0.202411081344/tools/bin/../lib/gcc/arm-none-eabi/13.3.1/../../../../arm-none-eabi/lib/thumb/v7e-m+fp/hard\libc_nano.a(libc_a-lseekr.o)
                0x0800c534                _lseek_r
 .text._read_r  0x0800c558       0x24 C:/ST/STM32CubeIDE_1.18.1/STM32CubeIDE/plugins/com.st.stm32cube.ide.mcu.externaltools.gnu-tools-for-stm32.13.3.rel1.win32_1.0.0.202411081344/tools/bin/../lib/gcc/arm-none-eabi/13.3.1/../../../../arm-none-eabi/lib/thumb/v7e-m+fp/hard\libc_nano.a(libc_a-readr.o)
                0x0800c558                _read_r
 .text._sbrk_r  0x0800c57c       0x20 C:/ST/STM32CubeIDE_1.18.1/STM32CubeIDE/plugins/com.st.stm32cube.ide.mcu.externaltools.gnu-tools-for-stm32.13.3.rel1.win32_1.0.0.202411081344/tools/bin/../lib/gcc/arm-none-eabi/13.3.1/../../../../arm-none-eabi/lib/thumb/v7e-m+fp/hard\libc_nano.a(libc_a-sbrkr.o)
                0x0800c57c                _sbrk_r
 .text._write_r
                0x0800c59c       0x24 C:/ST/STM32CubeIDE_1.18.1/STM32CubeIDE/plugins/com.st.stm32cube.ide.mcu.externaltools.gnu-tools-for-stm32.13.3.rel1.win32_1.0.0.202411081344/tools/bin/../lib/gcc/arm-none-eabi/13.3.1/../../../../arm-none-eabi/lib/thumb/v7e-m+fp/hard\libc_nano.a(libc_a-writer.o)
                0x0800c59c                _write_r
 .text.__errno  0x0800c5c0        0xc C:/ST/STM32CubeIDE_1.18.1/STM32CubeIDE/plugins/com.st.stm32cube.ide.mcu.externaltools.gnu-tools-for-stm32.13.3.rel1.win32_1.0.0.202411081344/tools/bin/../lib/gcc/arm-none-eabi/13.3.1/../../../../arm-none-eabi/lib/thumb/v7e-m+fp/hard\libc_nano.a(libc_a-errno.o)
                0x0800c5c0                __errno
 .text.__libc_init_array
                0x0800c5cc       0x48 C:/ST/STM32CubeIDE_1.18.1/STM32CubeIDE/plugins/com.st.stm32cube.ide.mcu.externaltools.gnu-tools-for-stm32.13.3.rel1.win32_1.0.0.202411081344/tools/bin/../lib/gcc/arm-none-eabi/13.3.1/../../../../arm-none-eabi/lib/thumb/v7e-m+fp/hard\libc_nano.a(libc_a-init.o)
                0x0800c5cc                __libc_init_array
 .text.__retarget_lock_init_recursive
                0x0800c614        0x2 C:/ST/STM32CubeIDE_1.18.1/STM32CubeIDE/plugins/com.st.stm32cube.ide.mcu.externaltools.gnu-tools-for-stm32.13.3.rel1.win32_1.0.0.202411081344/tools/bin/../lib/gcc/arm-none-eabi/13.3.1/../../../../arm-none-eabi/lib/thumb/v7e-m+fp/hard\libc_nano.a(libc_a-lock.o)
                0x0800c614                __retarget_lock_init_recursive
 .text.__retarget_lock_acquire_recursive
                0x0800c616        0x2 C:/ST/STM32CubeIDE_1.18.1/STM32CubeIDE/plugins/com.st.stm32cube.ide.mcu.externaltools.gnu-tools-for-stm32.13.3.rel1.win32_1.0.0.202411081344/tools/bin/../lib/gcc/arm-none-eabi/13.3.1/../../../../arm-none-eabi/lib/thumb/v7e-m+fp/hard\libc_nano.a(libc_a-lock.o)
                0x0800c616                __retarget_lock_acquire_recursive
 .text.__retarget_lock_release_recursive
                0x0800c618        0x2 C:/ST/STM32CubeIDE_1.18.1/STM32CubeIDE/plugins/com.st.stm32cube.ide.mcu.externaltools.gnu-tools-for-stm32.13.3.rel1.win32_1.0.0.202411081344/tools/bin/../lib/gcc/arm-none-eabi/13.3.1/../../../../arm-none-eabi/lib/thumb/v7e-m+fp/hard\libc_nano.a(libc_a-lock.o)
                0x0800c618                __retarget_lock_release_recursive
 .text.memcpy   0x0800c61a       0x1c C:/ST/STM32CubeIDE_1.18.1/STM32CubeIDE/plugins/com.st.stm32cube.ide.mcu.externaltools.gnu-tools-for-stm32.13.3.rel1.win32_1.0.0.202411081344/tools/bin/../lib/gcc/arm-none-eabi/13.3.1/../../../../arm-none-eabi/lib/thumb/v7e-m+fp/hard\libc_nano.a(libc_a-memcpy-stub.o)
                0x0800c61a                memcpy
 *fill*         0x0800c636        0x2 
 .text._free_r  0x0800c638       0x94 C:/ST/STM32CubeIDE_1.18.1/STM32CubeIDE/plugins/com.st.stm32cube.ide.mcu.externaltools.gnu-tools-for-stm32.13.3.rel1.win32_1.0.0.202411081344/tools/bin/../lib/gcc/arm-none-eabi/13.3.1/../../../../arm-none-eabi/lib/thumb/v7e-m+fp/hard\libc_nano.a(libc_a-freer.o)
                0x0800c638                _free_r
 .text._malloc_usable_size_r
                0x0800c6cc       0x10 C:/ST/STM32CubeIDE_1.18.1/STM32CubeIDE/plugins/com.st.stm32cube.ide.mcu.externaltools.gnu-tools-for-stm32.13.3.rel1.win32_1.0.0.202411081344/tools/bin/../lib/gcc/arm-none-eabi/13.3.1/../../../../arm-none-eabi/lib/thumb/v7e-m+fp/hard\libc_nano.a(libc_a-msizer.o)
                0x0800c6cc                _malloc_usable_size_r
 .text.__ssputs_r
                0x0800c6dc       0xb6 C:/ST/STM32CubeIDE_1.18.1/STM32CubeIDE/plugins/com.st.stm32cube.ide.mcu.externaltools.gnu-tools-for-stm32.13.3.rel1.win32_1.0.0.202411081344/tools/bin/../lib/gcc/arm-none-eabi/13.3.1/../../../../arm-none-eabi/lib/thumb/v7e-m+fp/hard\libc_nano.a(libc_a-nano-svfprintf.o)
                0x0800c6dc                __ssputs_r
 *fill*         0x0800c792        0x2 
 .text._svfprintf_r
                0x0800c794      0x1f8 C:/ST/STM32CubeIDE_1.18.1/STM32CubeIDE/plugins/com.st.stm32cube.ide.mcu.externaltools.gnu-tools-for-stm32.13.3.rel1.win32_1.0.0.202411081344/tools/bin/../lib/gcc/arm-none-eabi/13.3.1/../../../../arm-none-eabi/lib/thumb/v7e-m+fp/hard\libc_nano.a(libc_a-nano-svfprintf.o)
                0x0800c794                _svfiprintf_r
                0x0800c794                _svfprintf_r
 .text.__sfputc_r
                0x0800c98c       0x2e C:/ST/STM32CubeIDE_1.18.1/STM32CubeIDE/plugins/com.st.stm32cube.ide.mcu.externaltools.gnu-tools-for-stm32.13.3.rel1.win32_1.0.0.202411081344/tools/bin/../lib/gcc/arm-none-eabi/13.3.1/../../../../arm-none-eabi/lib/thumb/v7e-m+fp/hard\libc_nano.a(libc_a-nano-vfprintf.o)
 .text.__sfputs_r
                0x0800c9ba       0x24 C:/ST/STM32CubeIDE_1.18.1/STM32CubeIDE/plugins/com.st.stm32cube.ide.mcu.externaltools.gnu-tools-for-stm32.13.3.rel1.win32_1.0.0.202411081344/tools/bin/../lib/gcc/arm-none-eabi/13.3.1/../../../../arm-none-eabi/lib/thumb/v7e-m+fp/hard\libc_nano.a(libc_a-nano-vfprintf.o)
                0x0800c9ba                __sfputs_r
 *fill*         0x0800c9de        0x2 
 .text._vfprintf_r
                0x0800c9e0      0x230 C:/ST/STM32CubeIDE_1.18.1/STM32CubeIDE/plugins/com.st.stm32cube.ide.mcu.externaltools.gnu-tools-for-stm32.13.3.rel1.win32_1.0.0.202411081344/tools/bin/../lib/gcc/arm-none-eabi/13.3.1/../../../../arm-none-eabi/lib/thumb/v7e-m+fp/hard\libc_nano.a(libc_a-nano-vfprintf.o)
                0x0800c9e0                _vfprintf_r
                0x0800c9e0                _vfiprintf_r
 .text._printf_common
                0x0800cc10       0xda C:/ST/STM32CubeIDE_1.18.1/STM32CubeIDE/plugins/com.st.stm32cube.ide.mcu.externaltools.gnu-tools-for-stm32.13.3.rel1.win32_1.0.0.202411081344/tools/bin/../lib/gcc/arm-none-eabi/13.3.1/../../../../arm-none-eabi/lib/thumb/v7e-m+fp/hard\libc_nano.a(libc_a-nano-vfprintf_i.o)
                0x0800cc10                _printf_common
 *fill*         0x0800ccea        0x2 
 .text._printf_i
                0x0800ccec      0x23c C:/ST/STM32CubeIDE_1.18.1/STM32CubeIDE/plugins/com.st.stm32cube.ide.mcu.externaltools.gnu-tools-for-stm32.13.3.rel1.win32_1.0.0.202411081344/tools/bin/../lib/gcc/arm-none-eabi/13.3.1/../../../../arm-none-eabi/lib/thumb/v7e-m+fp/hard\libc_nano.a(libc_a-nano-vfprintf_i.o)
                0x0800ccec                _printf_i
 .text.__sflush_r
                0x0800cf28      0x108 C:/ST/STM32CubeIDE_1.18.1/STM32CubeIDE/plugins/com.st.stm32cube.ide.mcu.externaltools.gnu-tools-for-stm32.13.3.rel1.win32_1.0.0.202411081344/tools/bin/../lib/gcc/arm-none-eabi/13.3.1/../../../../arm-none-eabi/lib/thumb/v7e-m+fp/hard\libc_nano.a(libc_a-fflush.o)
                0x0800cf28                __sflush_r
 .text._fflush_r
                0x0800d030       0x50 C:/ST/STM32CubeIDE_1.18.1/STM32CubeIDE/plugins/com.st.stm32cube.ide.mcu.externaltools.gnu-tools-for-stm32.13.3.rel1.win32_1.0.0.202411081344/tools/bin/../lib/gcc/arm-none-eabi/13.3.1/../../../../arm-none-eabi/lib/thumb/v7e-m+fp/hard\libc_nano.a(libc_a-fflush.o)
                0x0800d030                _fflush_r
 .text.__swhatbuf_r
                0x0800d080       0x4c C:/ST/STM32CubeIDE_1.18.1/STM32CubeIDE/plugins/com.st.stm32cube.ide.mcu.externaltools.gnu-tools-for-stm32.13.3.rel1.win32_1.0.0.202411081344/tools/bin/../lib/gcc/arm-none-eabi/13.3.1/../../../../arm-none-eabi/lib/thumb/v7e-m+fp/hard\libc_nano.a(libc_a-makebuf.o)
                0x0800d080                __swhatbuf_r
 .text.__smakebuf_r
                0x0800d0cc       0x78 C:/ST/STM32CubeIDE_1.18.1/STM32CubeIDE/plugins/com.st.stm32cube.ide.mcu.externaltools.gnu-tools-for-stm32.13.3.rel1.win32_1.0.0.202411081344/tools/bin/../lib/gcc/arm-none-eabi/13.3.1/../../../../arm-none-eabi/lib/thumb/v7e-m+fp/hard\libc_nano.a(libc_a-makebuf.o)
                0x0800d0cc                __smakebuf_r
 .text.memmove  0x0800d144       0x34 C:/ST/STM32CubeIDE_1.18.1/STM32CubeIDE/plugins/com.st.stm32cube.ide.mcu.externaltools.gnu-tools-for-stm32.13.3.rel1.win32_1.0.0.202411081344/tools/bin/../lib/gcc/arm-none-eabi/13.3.1/../../../../arm-none-eabi/lib/thumb/v7e-m+fp/hard\libc_nano.a(libc_a-memmove.o)
                0x0800d144                memmove
 .text._fstat_r
                0x0800d178       0x24 C:/ST/STM32CubeIDE_1.18.1/STM32CubeIDE/plugins/com.st.stm32cube.ide.mcu.externaltools.gnu-tools-for-stm32.13.3.rel1.win32_1.0.0.202411081344/tools/bin/../lib/gcc/arm-none-eabi/13.3.1/../../../../arm-none-eabi/lib/thumb/v7e-m+fp/hard\libc_nano.a(libc_a-fstatr.o)
                0x0800d178                _fstat_r
 .text._isatty_r
                0x0800d19c       0x20 C:/ST/STM32CubeIDE_1.18.1/STM32CubeIDE/plugins/com.st.stm32cube.ide.mcu.externaltools.gnu-tools-for-stm32.13.3.rel1.win32_1.0.0.202411081344/tools/bin/../lib/gcc/arm-none-eabi/13.3.1/../../../../arm-none-eabi/lib/thumb/v7e-m+fp/hard\libc_nano.a(libc_a-isattyr.o)
                0x0800d19c                _isatty_r
 *(.glue_7)
 .glue_7        0x0800d1bc        0x0 linker stubs
 *(.glue_7t)
 .glue_7t       0x0800d1bc        0x0 linker stubs
 *(.eh_frame)
 .eh_frame      0x0800d1bc        0x0 C:/ST/STM32CubeIDE_1.18.1/STM32CubeIDE/plugins/com.st.stm32cube.ide.mcu.externaltools.gnu-tools-for-stm32.13.3.rel1.win32_1.0.0.202411081344/tools/bin/../lib/gcc/arm-none-eabi/13.3.1/thumb/v7e-m+fp/hard/crtbegin.o
 *(.init)
 .init          0x0800d1bc        0x4 C:/ST/STM32CubeIDE_1.18.1/STM32CubeIDE/plugins/com.st.stm32cube.ide.mcu.externaltools.gnu-tools-for-stm32.13.3.rel1.win32_1.0.0.202411081344/tools/bin/../lib/gcc/arm-none-eabi/13.3.1/thumb/v7e-m+fp/hard/crti.o
                0x0800d1bc                _init
 .init          0x0800d1c0        0x8 C:/ST/STM32CubeIDE_1.18.1/STM32CubeIDE/plugins/com.st.stm32cube.ide.mcu.externaltools.gnu-tools-for-stm32.13.3.rel1.win32_1.0.0.202411081344/tools/bin/../lib/gcc/arm-none-eabi/13.3.1/thumb/v7e-m+fp/hard/crtn.o
 *(.fini)
 .fini          0x0800d1c8        0x4 C:/ST/STM32CubeIDE_1.18.1/STM32CubeIDE/plugins/com.st.stm32cube.ide.mcu.externaltools.gnu-tools-for-stm32.13.3.rel1.win32_1.0.0.202411081344/tools/bin/../lib/gcc/arm-none-eabi/13.3.1/thumb/v7e-m+fp/hard/crti.o
                0x0800d1c8                _fini
 .fini          0x0800d1cc        0x8 C:/ST/STM32CubeIDE_1.18.1/STM32CubeIDE/plugins/com.st.stm32cube.ide.mcu.externaltools.gnu-tools-for-stm32.13.3.rel1.win32_1.0.0.202411081344/tools/bin/../lib/gcc/arm-none-eabi/13.3.1/thumb/v7e-m+fp/hard/crtn.o
                0x0800d1d4                        . = ALIGN (0x4)
                0x0800d1d4                        _etext = .

.vfp11_veneer   0x0800d1d4        0x0
 .vfp11_veneer  0x0800d1d4        0x0 linker stubs

.v4_bx          0x0800d1d4        0x0
 .v4_bx         0x0800d1d4        0x0 linker stubs

.iplt           0x0800d1d4        0x0
 .iplt          0x0800d1d4        0x0 C:/ST/STM32CubeIDE_1.18.1/STM32CubeIDE/plugins/com.st.stm32cube.ide.mcu.externaltools.gnu-tools-for-stm32.13.3.rel1.win32_1.0.0.202411081344/tools/bin/../lib/gcc/arm-none-eabi/13.3.1/thumb/v7e-m+fp/hard/crtbegin.o

.rodata         0x0800d1e0    0x14294
                0x0800d1e0                        . = ALIGN (0x4)
 *(.rodata)
 .rodata        0x0800d1e0       0x27 ./Core/Src/main.o
 *fill*         0x0800d207        0x1 
 .rodata        0x0800d208      0x10c ./Core/Src/usb_cdc_handler.o
 .rodata        0x0800d314       0x46 ./USB_DEVICE/App/usbd_desc.o
 *fill*         0x0800d35a        0x2 
 .rodata        0x0800d35c      0x15e ./X-CUBE-AI/App/app_x-cube-ai.o
 *fill*         0x0800d4ba        0x2 
 .rodata        0x0800d4bc       0x30 ./X-CUBE-AI/App/network_data.o
 *(.rodata*)
 .rodata.AHBPrescTable
                0x0800d4ec       0x10 ./Core/Src/system_stm32f4xx.o
                0x0800d4ec                AHBPrescTable
 .rodata.APBPrescTable
                0x0800d4fc        0x8 ./Core/Src/system_stm32f4xx.o
                0x0800d4fc                APBPrescTable
 .rodata._ZZ19CDC_SendDebugStringE2nl
                0x0800d504        0x1 ./Core/Src/usb_cdc_handler.o
 *fill*         0x0800d505        0x1 
 .rodata.MAX_CHUNK_SIZE.2
                0x0800d506        0x2 ./X-CUBE-AI/App/app_x-cube-ai.o
 .rodata.NUM_CHUNKS.1
                0x0800d508        0x4 ./X-CUBE-AI/App/app_x-cube-ai.o
 .rodata.LAST_CHUNK_SIZE.0
                0x0800d50c        0x4 ./X-CUBE-AI/App/app_x-cube-ai.o
 .rodata.nl_4_chain
                0x0800d510        0x8 ./X-CUBE-AI/App/network.o
 .rodata.gemm_3_chain
                0x0800d518        0x8 ./X-CUBE-AI/App/network.o
 .rodata.conv2d_0_chain
                0x0800d520        0x8 ./X-CUBE-AI/App/network.o
 *fill*         0x0800d528       0x18 
 .rodata.s_network_weights_array_u64
                0x0800d540    0x13ee8 ./X-CUBE-AI/App/network_data_params.o
                0x0800d540                s_network_weights_array_u64
 .rodata.ln2LO  0x08021428        0x8 C:/ST/STM32CubeIDE_1.18.1/STM32CubeIDE/plugins/com.st.stm32cube.ide.mcu.externaltools.gnu-tools-for-stm32.13.3.rel1.win32_1.0.0.202411081344/tools/bin/../lib/gcc/arm-none-eabi/13.3.1/../../../../arm-none-eabi/lib/thumb/v7e-m+fp/hard\libm.a(libm_a-ef_exp.o)
 .rodata.ln2HI  0x08021430        0x8 C:/ST/STM32CubeIDE_1.18.1/STM32CubeIDE/plugins/com.st.stm32cube.ide.mcu.externaltools.gnu-tools-for-stm32.13.3.rel1.win32_1.0.0.202411081344/tools/bin/../lib/gcc/arm-none-eabi/13.3.1/../../../../arm-none-eabi/lib/thumb/v7e-m+fp/hard\libm.a(libm_a-ef_exp.o)
 .rodata.halF   0x08021438        0x8 C:/ST/STM32CubeIDE_1.18.1/STM32CubeIDE/plugins/com.st.stm32cube.ide.mcu.externaltools.gnu-tools-for-stm32.13.3.rel1.win32_1.0.0.202411081344/tools/bin/../lib/gcc/arm-none-eabi/13.3.1/../../../../arm-none-eabi/lib/thumb/v7e-m+fp/hard\libm.a(libm_a-ef_exp.o)
 .rodata._svfprintf_r.str1.1
                0x08021440       0x33 C:/ST/STM32CubeIDE_1.18.1/STM32CubeIDE/plugins/com.st.stm32cube.ide.mcu.externaltools.gnu-tools-for-stm32.13.3.rel1.win32_1.0.0.202411081344/tools/bin/../lib/gcc/arm-none-eabi/13.3.1/../../../../arm-none-eabi/lib/thumb/v7e-m+fp/hard\libc_nano.a(libc_a-nano-svfprintf.o)
                                 0x11 (size before relaxing)
 .rodata._vfprintf_r.str1.1
                0x08021473       0x11 C:/ST/STM32CubeIDE_1.18.1/STM32CubeIDE/plugins/com.st.stm32cube.ide.mcu.externaltools.gnu-tools-for-stm32.13.3.rel1.win32_1.0.0.202411081344/tools/bin/../lib/gcc/arm-none-eabi/13.3.1/../../../../arm-none-eabi/lib/thumb/v7e-m+fp/hard\libc_nano.a(libc_a-nano-vfprintf.o)
 .rodata._printf_i.str1.1
                0x08021473       0x22 C:/ST/STM32CubeIDE_1.18.1/STM32CubeIDE/plugins/com.st.stm32cube.ide.mcu.externaltools.gnu-tools-for-stm32.13.3.rel1.win32_1.0.0.202411081344/tools/bin/../lib/gcc/arm-none-eabi/13.3.1/../../../../arm-none-eabi/lib/thumb/v7e-m+fp/hard\libc_nano.a(libc_a-nano-vfprintf_i.o)
                0x08021498                        . = ALIGN (0x4)
 *fill*         0x08021473        0x1 

.ARM.extab      0x08021474        0x0
                0x08021474                        . = ALIGN (0x4)
 *(.ARM.extab* .gnu.linkonce.armextab.*)
                0x08021474                        . = ALIGN (0x4)

.ARM            0x08021474        0x8
                0x08021474                        . = ALIGN (0x4)
                0x08021474                        __exidx_start = .
 *(.ARM.exidx*)
 .ARM.exidx     0x08021474        0x8 C:/ST/STM32CubeIDE_1.18.1/STM32CubeIDE/plugins/com.st.stm32cube.ide.mcu.externaltools.gnu-tools-for-stm32.13.3.rel1.win32_1.0.0.202411081344/tools/bin/../lib/gcc/arm-none-eabi/13.3.1/../../../../arm-none-eabi/lib/thumb/v7e-m+fp/hard\libc_nano.a(libc_a-strlen.o)
 .ARM.exidx     0x0802147c        0x0 C:/ST/STM32CubeIDE_1.18.1/STM32CubeIDE/plugins/com.st.stm32cube.ide.mcu.externaltools.gnu-tools-for-stm32.13.3.rel1.win32_1.0.0.202411081344/tools/bin/../lib/gcc/arm-none-eabi/13.3.1/../../../../arm-none-eabi/lib/thumb/v7e-m+fp/hard\libc_nano.a(libc_a-memchr.o)
                                  0x8 (size before relaxing)
 .ARM.exidx     0x0802147c        0x0 C:/ST/STM32CubeIDE_1.18.1/STM32CubeIDE/plugins/com.st.stm32cube.ide.mcu.externaltools.gnu-tools-for-stm32.13.3.rel1.win32_1.0.0.202411081344/tools/bin/../lib/gcc/arm-none-eabi/13.3.1/thumb/v7e-m+fp/hard\libgcc.a(_udivmoddi4.o)
                                  0x8 (size before relaxing)
                0x0802147c                        __exidx_end = .
                0x0802147c                        . = ALIGN (0x4)

.preinit_array  0x0802147c        0x0
                0x0802147c                        . = ALIGN (0x4)
                0x0802147c                        PROVIDE (__preinit_array_start = .)
 *(.preinit_array*)
                0x0802147c                        PROVIDE (__preinit_array_end = .)
                0x0802147c                        . = ALIGN (0x4)

.init_array     0x0802147c        0x4
                0x0802147c                        . = ALIGN (0x4)
                0x0802147c                        PROVIDE (__init_array_start = .)
 *(SORT_BY_NAME(.init_array.*))
 *(.init_array*)
 .init_array    0x0802147c        0x4 C:/ST/STM32CubeIDE_1.18.1/STM32CubeIDE/plugins/com.st.stm32cube.ide.mcu.externaltools.gnu-tools-for-stm32.13.3.rel1.win32_1.0.0.202411081344/tools/bin/../lib/gcc/arm-none-eabi/13.3.1/thumb/v7e-m+fp/hard/crtbegin.o
                0x08021480                        PROVIDE (__init_array_end = .)
                0x08021480                        . = ALIGN (0x4)

.fini_array     0x08021480        0x4
                0x08021480                        . = ALIGN (0x4)
                [!provide]                        PROVIDE (__fini_array_start = .)
 *(SORT_BY_NAME(.fini_array.*))
 *(.fini_array*)
 .fini_array    0x08021480        0x4 C:/ST/STM32CubeIDE_1.18.1/STM32CubeIDE/plugins/com.st.stm32cube.ide.mcu.externaltools.gnu-tools-for-stm32.13.3.rel1.win32_1.0.0.202411081344/tools/bin/../lib/gcc/arm-none-eabi/13.3.1/thumb/v7e-m+fp/hard/crtbegin.o
                [!provide]                        PROVIDE (__fini_array_end = .)
                0x08021484                        . = ALIGN (0x4)
                0x08021484                        _sidata = LOADADDR (.data)

.rel.dyn        0x08021484        0x0
 .rel.iplt      0x08021484        0x0 C:/ST/STM32CubeIDE_1.18.1/STM32CubeIDE/plugins/com.st.stm32cube.ide.mcu.externaltools.gnu-tools-for-stm32.13.3.rel1.win32_1.0.0.202411081344/tools/bin/../lib/gcc/arm-none-eabi/13.3.1/thumb/v7e-m+fp/hard/crtbegin.o

.data           0x20000000      0x728 load address 0x08021484
                0x20000000                        . = ALIGN (0x4)
                0x20000000                        _sdata = .
 *(.data)
 *(.data*)
 .data.SystemCoreClock
                0x20000000        0x4 ./Core/Src/system_stm32f4xx.o
                0x20000000                SystemCoreClock
 .data.uwTickPrio
                0x20000004        0x4 ./Drivers/STM32F4xx_HAL_Driver/Src/stm32f4xx_hal.o
                0x20000004                uwTickPrio
 .data.uwTickFreq
                0x20000008        0x1 ./Drivers/STM32F4xx_HAL_Driver/Src/stm32f4xx_hal.o
                0x20000008                uwTickFreq
 *fill*         0x20000009        0x3 
 .data.USBD_CDC_DeviceQualifierDesc
                0x2000000c        0xa ./Middlewares/ST/STM32_USB_Device_Library/Class/CDC/Src/usbd_cdc.o
 *fill*         0x20000016        0x2 
 .data.USBD_CDC
                0x20000018       0x38 ./Middlewares/ST/STM32_USB_Device_Library/Class/CDC/Src/usbd_cdc.o
                0x20000018                USBD_CDC
 .data.USBD_CDC_CfgDesc